save_dir: checkpoints/ardae_unet/poisson_001
requested_save_dir already existed; using: checkpoints/ardae_unet/poisson_001
device: cuda
data: datasets/processed_001/bsd400_patches_128x128.npy
raw_data_shape: (6400, 16384)
unet_image_shape: (1, 128, 128)
epoch 0001/0128 train_loss=0.061961 val_loss=0.015355 best_val=0.015355@0001 train_nmse=0.850199 val_nmse=0.217126 train_cos=0.812026 val_cos=0.887186
epoch 0002/0128 train_loss=0.009951 val_loss=0.005564 best_val=0.005564@0002 train_nmse=0.139465 val_nmse=0.092168 train_cos=0.878727 val_cos=0.955181
epoch 0003/0128 train_loss=0.006942 val_loss=0.006742 best_val=0.005564@0002 train_nmse=0.095072 val_nmse=0.090758 train_cos=0.951606 val_cos=0.716998
epoch 0004/0128 train_loss=0.005757 val_loss=0.004956 best_val=0.004956@0004 train_nmse=0.079594 val_nmse=0.066677 train_cos=0.936517 val_cos=0.908062
epoch 0005/0128 train_loss=0.004870 val_loss=0.004279 best_val=0.004279@0005 train_nmse=0.069448 val_nmse=0.060406 train_cos=0.904182 val_cos=0.977785
epoch 0006/0128 train_loss=0.004181 val_loss=0.004179 best_val=0.004179@0006 train_nmse=0.057929 val_nmse=0.052893 train_cos=0.922621 val_cos=0.818129
epoch 0007/0128 train_loss=0.003600 val_loss=0.003100 best_val=0.003100@0007 train_nmse=0.050646 val_nmse=0.044774 train_cos=0.954107 val_cos=0.979202
epoch 0008/0128 train_loss=0.003189 val_loss=0.003552 best_val=0.003100@0007 train_nmse=0.045697 val_nmse=0.044647 train_cos=0.971513 val_cos=0.968793
epoch 0009/0128 train_loss=0.003307 val_loss=0.003165 best_val=0.003100@0007 train_nmse=0.045409 val_nmse=0.045398 train_cos=0.948336 val_cos=0.981757
epoch 0010/0128 train_loss=0.002999 val_loss=0.002652 best_val=0.002652@0010 train_nmse=0.042998 val_nmse=0.037470 train_cos=0.977350 val_cos=0.971919
epoch 0011/0128 train_loss=0.002997 val_loss=0.003008 best_val=0.002652@0010 train_nmse=0.041848 val_nmse=0.038580 train_cos=0.973545 val_cos=0.987425
epoch 0012/0128 train_loss=0.002862 val_loss=0.002838 best_val=0.002652@0010 train_nmse=0.041216 val_nmse=0.038779 train_cos=0.977608 val_cos=0.749126
epoch 0013/0128 train_loss=0.002826 val_loss=0.003108 best_val=0.002652@0010 train_nmse=0.039365 val_nmse=0.038508 train_cos=0.970106 val_cos=0.965652
epoch 0014/0128 train_loss=0.002990 val_loss=0.003544 best_val=0.002652@0010 train_nmse=0.040559 val_nmse=0.044143 train_cos=0.968265 val_cos=0.989636
epoch 0015/0128 train_loss=0.002861 val_loss=0.002712 best_val=0.002652@0010 train_nmse=0.041638 val_nmse=0.037481 train_cos=0.956821 val_cos=0.989143
epoch 0016/0128 train_loss=0.002906 val_loss=0.002685 best_val=0.002652@0010 train_nmse=0.040650 val_nmse=0.036946 train_cos=0.973015 val_cos=0.983599
epoch 0017/0128 train_loss=0.002841 val_loss=0.002330 best_val=0.002330@0017 train_nmse=0.040221 val_nmse=0.035231 train_cos=0.975746 val_cos=0.987362
epoch 0018/0128 train_loss=0.002668 val_loss=0.003277 best_val=0.002330@0017 train_nmse=0.038188 val_nmse=0.041538 train_cos=0.966551 val_cos=0.989371
epoch 0019/0128 train_loss=0.002627 val_loss=0.003203 best_val=0.002330@0017 train_nmse=0.037500 val_nmse=0.041599 train_cos=0.983928 val_cos=0.965472
epoch 0020/0128 train_loss=0.002710 val_loss=0.002735 best_val=0.002330@0017 train_nmse=0.037898 val_nmse=0.037661 train_cos=0.982852 val_cos=0.987424
epoch 0021/0128 train_loss=0.002643 val_loss=0.002602 best_val=0.002330@0017 train_nmse=0.037315 val_nmse=0.034238 train_cos=0.981777 val_cos=0.988098
epoch 0022/0128 train_loss=0.002694 val_loss=0.002682 best_val=0.002330@0017 train_nmse=0.038592 val_nmse=0.038537 train_cos=0.969126 val_cos=0.990945
epoch 0023/0128 train_loss=0.002601 val_loss=0.002666 best_val=0.002330@0017 train_nmse=0.038192 val_nmse=0.034846 train_cos=0.977245 val_cos=0.986035
epoch 0024/0128 train_loss=0.002581 val_loss=0.002827 best_val=0.002330@0017 train_nmse=0.036089 val_nmse=0.040297 train_cos=0.986243 val_cos=0.972900
epoch 0025/0128 train_loss=0.002434 val_loss=0.003054 best_val=0.002330@0017 train_nmse=0.036370 val_nmse=0.040378 train_cos=0.984768 val_cos=0.986099
epoch 0026/0128 train_loss=0.002382 val_loss=0.002470 best_val=0.002330@0017 train_nmse=0.035565 val_nmse=0.035034 train_cos=0.986027 val_cos=0.989943
epoch 0027/0128 train_loss=0.002357 val_loss=0.002415 best_val=0.002330@0017 train_nmse=0.034712 val_nmse=0.033825 train_cos=0.985703 val_cos=0.985751
epoch 0028/0128 train_loss=0.002639 val_loss=0.003008 best_val=0.002330@0017 train_nmse=0.036849 val_nmse=0.036474 train_cos=0.986936 val_cos=0.990693
epoch 0029/0128 train_loss=0.002536 val_loss=0.002574 best_val=0.002330@0017 train_nmse=0.036603 val_nmse=0.034051 train_cos=0.981209 val_cos=0.990368
epoch 0030/0128 train_loss=0.002439 val_loss=0.002299 best_val=0.002299@0030 train_nmse=0.034586 val_nmse=0.034173 train_cos=0.985399 val_cos=0.990058
epoch 0031/0128 train_loss=0.002572 val_loss=0.002234 best_val=0.002234@0031 train_nmse=0.036172 val_nmse=0.034947 train_cos=0.982470 val_cos=0.946329
epoch 0032/0128 train_loss=0.002608 val_loss=0.002386 best_val=0.002234@0031 train_nmse=0.036473 val_nmse=0.034475 train_cos=0.985044 val_cos=0.990827
epoch 0033/0128 train_loss=0.002385 val_loss=0.002841 best_val=0.002234@0031 train_nmse=0.035096 val_nmse=0.035311 train_cos=0.988941 val_cos=0.988023
epoch 0034/0128 train_loss=0.002587 val_loss=0.002383 best_val=0.002234@0031 train_nmse=0.035726 val_nmse=0.039317 train_cos=0.988058 val_cos=0.962941
epoch 0035/0128 train_loss=0.002590 val_loss=0.002510 best_val=0.002234@0031 train_nmse=0.036403 val_nmse=0.035354 train_cos=0.964815 val_cos=0.991450
epoch 0036/0128 train_loss=0.002370 val_loss=0.002468 best_val=0.002234@0031 train_nmse=0.035084 val_nmse=0.030928 train_cos=0.982243 val_cos=0.990041
epoch 0037/0128 train_loss=0.002543 val_loss=0.002831 best_val=0.002234@0031 train_nmse=0.035309 val_nmse=0.035697 train_cos=0.988665 val_cos=0.978428
epoch 0038/0128 train_loss=0.002343 val_loss=0.002758 best_val=0.002234@0031 train_nmse=0.034189 val_nmse=0.033070 train_cos=0.988926 val_cos=0.990341
epoch 0039/0128 train_loss=0.002260 val_loss=0.002571 best_val=0.002234@0031 train_nmse=0.033432 val_nmse=0.034062 train_cos=0.987780 val_cos=0.985780
epoch 0040/0128 train_loss=0.002405 val_loss=0.002660 best_val=0.002234@0031 train_nmse=0.035901 val_nmse=0.034766 train_cos=0.981411 val_cos=0.990374
epoch 0041/0128 train_loss=0.002399 val_loss=0.002616 best_val=0.002234@0031 train_nmse=0.034714 val_nmse=0.038441 train_cos=0.987188 val_cos=0.990825
epoch 0042/0128 train_loss=0.002536 val_loss=0.003058 best_val=0.002234@0031 train_nmse=0.034904 val_nmse=0.039186 train_cos=0.988194 val_cos=0.990106
epoch 0043/0128 train_loss=0.002641 val_loss=0.002595 best_val=0.002234@0031 train_nmse=0.035818 val_nmse=0.035085 train_cos=0.985256 val_cos=0.991234
epoch 0044/0128 train_loss=0.002376 val_loss=0.002467 best_val=0.002234@0031 train_nmse=0.033657 val_nmse=0.035076 train_cos=0.988143 val_cos=0.991921
epoch 0045/0128 train_loss=0.002611 val_loss=0.002054 best_val=0.002054@0045 train_nmse=0.035387 val_nmse=0.032599 train_cos=0.986938 val_cos=0.991052
epoch 0046/0128 train_loss=0.002594 val_loss=0.002597 best_val=0.002054@0045 train_nmse=0.035816 val_nmse=0.036660 train_cos=0.975674 val_cos=0.991162
epoch 0047/0128 train_loss=0.002474 val_loss=0.002396 best_val=0.002054@0045 train_nmse=0.035212 val_nmse=0.032998 train_cos=0.986015 val_cos=0.991499
epoch 0048/0128 train_loss=0.002203 val_loss=0.002412 best_val=0.002054@0045 train_nmse=0.032209 val_nmse=0.035197 train_cos=0.987343 val_cos=0.990110
epoch 0049/0128 train_loss=0.002408 val_loss=0.002435 best_val=0.002054@0045 train_nmse=0.033841 val_nmse=0.034571 train_cos=0.989861 val_cos=0.991403
epoch 0050/0128 train_loss=0.002363 val_loss=0.002544 best_val=0.002054@0045 train_nmse=0.033251 val_nmse=0.032943 train_cos=0.990246 val_cos=0.990915
epoch 0051/0128 train_loss=0.002515 val_loss=0.002983 best_val=0.002054@0045 train_nmse=0.034308 val_nmse=0.036744 train_cos=0.980556 val_cos=0.983797
epoch 0052/0128 train_loss=0.002628 val_loss=0.002397 best_val=0.002054@0045 train_nmse=0.035881 val_nmse=0.034022 train_cos=0.987724 val_cos=0.990073
epoch 0053/0128 train_loss=0.002560 val_loss=0.002301 best_val=0.002054@0045 train_nmse=0.035357 val_nmse=0.033672 train_cos=0.981254 val_cos=0.992025
epoch 0054/0128 train_loss=0.002431 val_loss=0.002429 best_val=0.002054@0045 train_nmse=0.035146 val_nmse=0.032830 train_cos=0.990519 val_cos=0.990687
epoch 0055/0128 train_loss=0.002445 val_loss=0.002024 best_val=0.002024@0055 train_nmse=0.033433 val_nmse=0.029932 train_cos=0.989723 val_cos=0.990922
epoch 0056/0128 train_loss=0.002590 val_loss=0.002531 best_val=0.002024@0055 train_nmse=0.034532 val_nmse=0.032918 train_cos=0.985278 val_cos=0.991647
epoch 0057/0128 train_loss=0.002267 val_loss=0.002578 best_val=0.002024@0055 train_nmse=0.033757 val_nmse=0.034014 train_cos=0.990383 val_cos=0.987651
epoch 0058/0128 train_loss=0.002299 val_loss=0.002733 best_val=0.002024@0055 train_nmse=0.032912 val_nmse=0.032969 train_cos=0.989849 val_cos=0.990592
epoch 0059/0128 train_loss=0.002294 val_loss=0.001807 best_val=0.001807@0059 train_nmse=0.033420 val_nmse=0.028439 train_cos=0.990688 val_cos=0.991420
epoch 0060/0128 train_loss=0.002376 val_loss=0.002343 best_val=0.001807@0059 train_nmse=0.032812 val_nmse=0.032957 train_cos=0.990335 val_cos=0.991689
epoch 0061/0128 train_loss=0.002350 val_loss=0.002106 best_val=0.001807@0059 train_nmse=0.032215 val_nmse=0.032223 train_cos=0.990684 val_cos=0.992103
epoch 0062/0128 train_loss=0.002401 val_loss=0.002153 best_val=0.001807@0059 train_nmse=0.033262 val_nmse=0.029478 train_cos=0.990650 val_cos=0.991671
epoch 0063/0128 train_loss=0.002514 val_loss=0.002804 best_val=0.001807@0059 train_nmse=0.034941 val_nmse=0.034424 train_cos=0.975134 val_cos=0.991691
epoch 0064/0128 train_loss=0.002532 val_loss=0.002194 best_val=0.001807@0059 train_nmse=0.034635 val_nmse=0.032451 train_cos=0.990706 val_cos=0.991035
epoch 0065/0128 train_loss=0.002158 val_loss=0.002239 best_val=0.001807@0059 train_nmse=0.032391 val_nmse=0.031406 train_cos=0.991241 val_cos=0.991922
epoch 0066/0128 train_loss=0.002283 val_loss=0.002103 best_val=0.001807@0059 train_nmse=0.033215 val_nmse=0.030498 train_cos=0.990429 val_cos=0.990552
epoch 0067/0128 train_loss=0.002475 val_loss=0.002276 best_val=0.001807@0059 train_nmse=0.033864 val_nmse=0.033054 train_cos=0.990855 val_cos=0.990274
epoch 0068/0128 train_loss=0.002397 val_loss=0.002695 best_val=0.001807@0059 train_nmse=0.033529 val_nmse=0.035460 train_cos=0.985321 val_cos=0.991902
epoch 0069/0128 train_loss=0.002498 val_loss=0.002860 best_val=0.001807@0059 train_nmse=0.034986 val_nmse=0.038206 train_cos=0.990186 val_cos=0.936637
epoch 0070/0128 train_loss=0.002412 val_loss=0.002144 best_val=0.001807@0059 train_nmse=0.034284 val_nmse=0.031171 train_cos=0.988151 val_cos=0.991821
epoch 0071/0128 train_loss=0.002502 val_loss=0.002523 best_val=0.001807@0059 train_nmse=0.034494 val_nmse=0.030939 train_cos=0.989869 val_cos=0.990758
epoch 0072/0128 train_loss=0.002329 val_loss=0.002938 best_val=0.001807@0059 train_nmse=0.033594 val_nmse=0.035389 train_cos=0.990966 val_cos=0.990056
epoch 0073/0128 train_loss=0.002524 val_loss=0.002988 best_val=0.001807@0059 train_nmse=0.034827 val_nmse=0.041425 train_cos=0.979683 val_cos=0.992167
epoch 0074/0128 train_loss=0.002539 val_loss=0.002461 best_val=0.001807@0059 train_nmse=0.035670 val_nmse=0.034690 train_cos=0.988139 val_cos=0.991032
epoch 0075/0128 train_loss=0.002354 val_loss=0.001941 best_val=0.001807@0059 train_nmse=0.033571 val_nmse=0.029036 train_cos=0.990697 val_cos=0.992233
epoch 0076/0128 train_loss=0.002389 val_loss=0.002333 best_val=0.001807@0059 train_nmse=0.033908 val_nmse=0.032884 train_cos=0.990900 val_cos=0.991838
epoch 0077/0128 train_loss=0.002234 val_loss=0.002296 best_val=0.001807@0059 train_nmse=0.032516 val_nmse=0.031662 train_cos=0.990796 val_cos=0.989295
epoch 0078/0128 train_loss=0.002464 val_loss=0.002289 best_val=0.001807@0059 train_nmse=0.034085 val_nmse=0.032026 train_cos=0.990606 val_cos=0.990993
epoch 0079/0128 train_loss=0.002341 val_loss=0.002959 best_val=0.001807@0059 train_nmse=0.032501 val_nmse=0.035025 train_cos=0.990985 val_cos=0.991038
epoch 0080/0128 train_loss=0.002193 val_loss=0.001776 best_val=0.001776@0080 train_nmse=0.032648 val_nmse=0.028986 train_cos=0.990356 val_cos=0.991973
epoch 0081/0128 train_loss=0.002368 val_loss=0.002430 best_val=0.001776@0080 train_nmse=0.032835 val_nmse=0.031142 train_cos=0.991025 val_cos=0.991516
epoch 0082/0128 train_loss=0.002218 val_loss=0.002004 best_val=0.001776@0080 train_nmse=0.032890 val_nmse=0.031672 train_cos=0.990115 val_cos=0.992028
epoch 0083/0128 train_loss=0.002341 val_loss=0.002525 best_val=0.001776@0080 train_nmse=0.032822 val_nmse=0.032361 train_cos=0.991146 val_cos=0.992152
epoch 0084/0128 train_loss=0.002277 val_loss=0.002425 best_val=0.001776@0080 train_nmse=0.033195 val_nmse=0.031117 train_cos=0.991535 val_cos=0.991076
epoch 0085/0128 train_loss=0.002361 val_loss=0.002852 best_val=0.001776@0080 train_nmse=0.033261 val_nmse=0.034455 train_cos=0.982717 val_cos=0.991612
epoch 0086/0128 train_loss=0.002447 val_loss=0.002056 best_val=0.001776@0080 train_nmse=0.033999 val_nmse=0.030828 train_cos=0.991388 val_cos=0.991846
epoch 0087/0128 train_loss=0.002443 val_loss=0.002294 best_val=0.001776@0080 train_nmse=0.033665 val_nmse=0.032888 train_cos=0.991339 val_cos=0.991248
epoch 0088/0128 train_loss=0.002265 val_loss=0.002710 best_val=0.001776@0080 train_nmse=0.032439 val_nmse=0.033937 train_cos=0.991373 val_cos=0.990611
epoch 0089/0128 train_loss=0.002089 val_loss=0.002011 best_val=0.001776@0080 train_nmse=0.031866 val_nmse=0.030904 train_cos=0.991515 val_cos=0.990993
epoch 0090/0128 train_loss=0.002328 val_loss=0.002444 best_val=0.001776@0080 train_nmse=0.034480 val_nmse=0.030421 train_cos=0.986946 val_cos=0.991633
epoch 0091/0128 train_loss=0.002307 val_loss=0.002329 best_val=0.001776@0080 train_nmse=0.032761 val_nmse=0.034855 train_cos=0.991374 val_cos=0.991491
epoch 0092/0128 train_loss=0.002337 val_loss=0.002282 best_val=0.001776@0080 train_nmse=0.033166 val_nmse=0.033305 train_cos=0.991517 val_cos=0.991747
epoch 0093/0128 train_loss=0.002244 val_loss=0.002160 best_val=0.001776@0080 train_nmse=0.032679 val_nmse=0.030843 train_cos=0.991395 val_cos=0.991566
epoch 0094/0128 train_loss=0.002443 val_loss=0.002359 best_val=0.001776@0080 train_nmse=0.033533 val_nmse=0.033914 train_cos=0.990888 val_cos=0.992106
epoch 0095/0128 train_loss=0.002203 val_loss=0.002188 best_val=0.001776@0080 train_nmse=0.033387 val_nmse=0.030896 train_cos=0.991850 val_cos=0.990491
epoch 0096/0128 train_loss=0.002372 val_loss=0.002810 best_val=0.001776@0080 train_nmse=0.033090 val_nmse=0.033929 train_cos=0.991284 val_cos=0.991147
epoch 0097/0128 train_loss=0.002290 val_loss=0.002341 best_val=0.001776@0080 train_nmse=0.033179 val_nmse=0.031968 train_cos=0.991579 val_cos=0.991113
epoch 0098/0128 train_loss=0.002376 val_loss=0.002245 best_val=0.001776@0080 train_nmse=0.033936 val_nmse=0.032638 train_cos=0.991053 val_cos=0.992254
epoch 0099/0128 train_loss=0.002387 val_loss=0.002440 best_val=0.001776@0080 train_nmse=0.033563 val_nmse=0.031706 train_cos=0.991251 val_cos=0.992064
epoch 0100/0128 train_loss=0.002386 val_loss=0.002263 best_val=0.001776@0080 train_nmse=0.033941 val_nmse=0.032677 train_cos=0.991220 val_cos=0.992381
epoch 0101/0128 train_loss=0.002297 val_loss=0.002565 best_val=0.001776@0080 train_nmse=0.032817 val_nmse=0.034255 train_cos=0.991683 val_cos=0.990898
epoch 0102/0128 train_loss=0.002252 val_loss=0.002642 best_val=0.001776@0080 train_nmse=0.032639 val_nmse=0.035140 train_cos=0.991574 val_cos=0.988531
epoch 0103/0128 train_loss=0.002243 val_loss=0.001723 best_val=0.001723@0103 train_nmse=0.032444 val_nmse=0.028293 train_cos=0.991627 val_cos=0.991344
epoch 0104/0128 train_loss=0.002346 val_loss=0.002316 best_val=0.001723@0103 train_nmse=0.033506 val_nmse=0.032740 train_cos=0.991100 val_cos=0.987768
epoch 0105/0128 train_loss=0.002363 val_loss=0.002750 best_val=0.001723@0103 train_nmse=0.033973 val_nmse=0.036416 train_cos=0.990839 val_cos=0.923677
epoch 0106/0128 train_loss=0.002260 val_loss=0.002395 best_val=0.001723@0103 train_nmse=0.033664 val_nmse=0.032465 train_cos=0.987816 val_cos=0.991959
epoch 0107/0128 train_loss=0.002461 val_loss=0.002677 best_val=0.001723@0103 train_nmse=0.033152 val_nmse=0.033391 train_cos=0.990415 val_cos=0.990681
epoch 0108/0128 train_loss=0.002294 val_loss=0.002243 best_val=0.001723@0103 train_nmse=0.032552 val_nmse=0.030633 train_cos=0.991593 val_cos=0.991238
epoch 0109/0128 train_loss=0.002344 val_loss=0.002482 best_val=0.001723@0103 train_nmse=0.032241 val_nmse=0.031873 train_cos=0.991496 val_cos=0.991869
epoch 0110/0128 train_loss=0.002516 val_loss=0.002299 best_val=0.001723@0103 train_nmse=0.034291 val_nmse=0.032084 train_cos=0.989944 val_cos=0.941749
epoch 0111/0128 train_loss=0.002319 val_loss=0.001937 best_val=0.001723@0103 train_nmse=0.032935 val_nmse=0.029053 train_cos=0.988960 val_cos=0.992473
epoch 0112/0128 train_loss=0.002346 val_loss=0.002472 best_val=0.001723@0103 train_nmse=0.033233 val_nmse=0.031630 train_cos=0.991524 val_cos=0.991362
epoch 0113/0128 train_loss=0.002282 val_loss=0.001965 best_val=0.001723@0103 train_nmse=0.032270 val_nmse=0.028163 train_cos=0.991413 val_cos=0.990771
epoch 0114/0128 train_loss=0.002267 val_loss=0.002308 best_val=0.001723@0103 train_nmse=0.031916 val_nmse=0.031236 train_cos=0.991379 val_cos=0.991986
epoch 0115/0128 train_loss=0.002452 val_loss=0.002976 best_val=0.001723@0103 train_nmse=0.033249 val_nmse=0.034611 train_cos=0.991038 val_cos=0.991551
epoch 0116/0128 train_loss=0.002318 val_loss=0.002152 best_val=0.001723@0103 train_nmse=0.032454 val_nmse=0.028973 train_cos=0.991366 val_cos=0.992108
epoch 0117/0128 train_loss=0.002483 val_loss=0.002195 best_val=0.001723@0103 train_nmse=0.034030 val_nmse=0.032300 train_cos=0.991100 val_cos=0.992302
epoch 0118/0128 train_loss=0.002380 val_loss=0.002174 best_val=0.001723@0103 train_nmse=0.033931 val_nmse=0.034232 train_cos=0.991020 val_cos=0.991876
epoch 0119/0128 train_loss=0.002166 val_loss=0.002868 best_val=0.001723@0103 train_nmse=0.032121 val_nmse=0.036561 train_cos=0.991628 val_cos=0.991234
epoch 0120/0128 train_loss=0.002269 val_loss=0.002599 best_val=0.001723@0103 train_nmse=0.031835 val_nmse=0.035390 train_cos=0.991236 val_cos=0.992176
epoch 0121/0128 train_loss=0.002377 val_loss=0.002369 best_val=0.001723@0103 train_nmse=0.033108 val_nmse=0.032644 train_cos=0.991847 val_cos=0.991576
epoch 0122/0128 train_loss=0.002313 val_loss=0.001973 best_val=0.001723@0103 train_nmse=0.032122 val_nmse=0.032061 train_cos=0.991374 val_cos=0.992658
epoch 0123/0128 train_loss=0.002424 val_loss=0.002177 best_val=0.001723@0103 train_nmse=0.033170 val_nmse=0.030088 train_cos=0.991166 val_cos=0.992065
epoch 0124/0128 train_loss=0.002304 val_loss=0.002494 best_val=0.001723@0103 train_nmse=0.032718 val_nmse=0.034715 train_cos=0.991707 val_cos=0.991332
epoch 0125/0128 train_loss=0.002336 val_loss=0.002468 best_val=0.001723@0103 train_nmse=0.032928 val_nmse=0.031819 train_cos=0.988714 val_cos=0.992156
epoch 0126/0128 train_loss=0.002288 val_loss=0.001958 best_val=0.001723@0103 train_nmse=0.032918 val_nmse=0.027910 train_cos=0.990146 val_cos=0.992259
epoch 0127/0128 train_loss=0.002458 val_loss=0.002560 best_val=0.001723@0103 train_nmse=0.034662 val_nmse=0.035305 train_cos=0.991610 val_cos=0.991646
epoch 0128/0128 train_loss=0.002378 val_loss=0.002471 best_val=0.001723@0103 train_nmse=0.033284 val_nmse=0.034558 train_cos=0.991659 val_cos=0.983004
saved last checkpoint: checkpoints/ardae_unet/poisson_001/last_epoch_0128.pt
saved best checkpoint: checkpoints/ardae_unet/poisson_001/best_model.pt
saved metrics: checkpoints/ardae_unet/poisson_001/metrics.csv
