save_dir: checkpoints/ardae_unet/poisson
device: cuda
data: datasets/processed_001/bsd400_patches_128x128.npy
raw_data_shape: (6400, 16384)
unet_image_shape: (1, 128, 128)
epoch 0001/0256 train_loss=0.061961 val_loss=0.015355 best_val=0.015355@0001 train_nmse=0.850199 val_nmse=0.217126 train_cos=0.812026 val_cos=0.887186
epoch 0002/0256 train_loss=0.009951 val_loss=0.005564 best_val=0.005564@0002 train_nmse=0.139465 val_nmse=0.092168 train_cos=0.878727 val_cos=0.955178
epoch 0003/0256 train_loss=0.006942 val_loss=0.006741 best_val=0.005564@0002 train_nmse=0.095072 val_nmse=0.090746 train_cos=0.951611 val_cos=0.717639
epoch 0004/0256 train_loss=0.005757 val_loss=0.004955 best_val=0.004955@0004 train_nmse=0.079591 val_nmse=0.066673 train_cos=0.936557 val_cos=0.908308
epoch 0005/0256 train_loss=0.004869 val_loss=0.004274 best_val=0.004274@0005 train_nmse=0.069435 val_nmse=0.060325 train_cos=0.904228 val_cos=0.977190
epoch 0006/0256 train_loss=0.004176 val_loss=0.004169 best_val=0.004169@0006 train_nmse=0.057855 val_nmse=0.052760 train_cos=0.923249 val_cos=0.817816
epoch 0007/0256 train_loss=0.003600 val_loss=0.003112 best_val=0.003112@0007 train_nmse=0.050657 val_nmse=0.044953 train_cos=0.954901 val_cos=0.978883
epoch 0008/0256 train_loss=0.003211 val_loss=0.003556 best_val=0.003112@0007 train_nmse=0.046044 val_nmse=0.044677 train_cos=0.967147 val_cos=0.982577
epoch 0009/0256 train_loss=0.003316 val_loss=0.003464 best_val=0.003112@0007 train_nmse=0.045460 val_nmse=0.049927 train_cos=0.953205 val_cos=0.951951
epoch 0010/0256 train_loss=0.003070 val_loss=0.002759 best_val=0.002759@0010 train_nmse=0.044056 val_nmse=0.038996 train_cos=0.963862 val_cos=0.986002
epoch 0011/0256 train_loss=0.002985 val_loss=0.002971 best_val=0.002759@0010 train_nmse=0.041677 val_nmse=0.038089 train_cos=0.975451 val_cos=0.984944
epoch 0012/0256 train_loss=0.002808 val_loss=0.002726 best_val=0.002726@0012 train_nmse=0.040439 val_nmse=0.037235 train_cos=0.978147 val_cos=0.956207
epoch 0013/0256 train_loss=0.002872 val_loss=0.003236 best_val=0.002726@0012 train_nmse=0.039963 val_nmse=0.040171 train_cos=0.974203 val_cos=0.953870
epoch 0014/0256 train_loss=0.002993 val_loss=0.003390 best_val=0.002726@0012 train_nmse=0.040587 val_nmse=0.042209 train_cos=0.974324 val_cos=0.989079
epoch 0015/0256 train_loss=0.002804 val_loss=0.002569 best_val=0.002569@0015 train_nmse=0.040778 val_nmse=0.035494 train_cos=0.951180 val_cos=0.987649
epoch 0016/0256 train_loss=0.002794 val_loss=0.002684 best_val=0.002569@0015 train_nmse=0.039024 val_nmse=0.036924 train_cos=0.978017 val_cos=0.985615
epoch 0017/0256 train_loss=0.002780 val_loss=0.002223 best_val=0.002223@0017 train_nmse=0.039339 val_nmse=0.033616 train_cos=0.976718 val_cos=0.986280
epoch 0018/0256 train_loss=0.002567 val_loss=0.003210 best_val=0.002223@0017 train_nmse=0.036713 val_nmse=0.040678 train_cos=0.982312 val_cos=0.983991
epoch 0019/0256 train_loss=0.002584 val_loss=0.003094 best_val=0.002223@0017 train_nmse=0.036850 val_nmse=0.040172 train_cos=0.985390 val_cos=0.986224
epoch 0020/0256 train_loss=0.002709 val_loss=0.002520 best_val=0.002223@0017 train_nmse=0.037911 val_nmse=0.034763 train_cos=0.980655 val_cos=0.986657
epoch 0021/0256 train_loss=0.002562 val_loss=0.002645 best_val=0.002223@0017 train_nmse=0.036179 val_nmse=0.034806 train_cos=0.984393 val_cos=0.987343
epoch 0022/0256 train_loss=0.002596 val_loss=0.002347 best_val=0.002223@0017 train_nmse=0.037179 val_nmse=0.033628 train_cos=0.984739 val_cos=0.989796
epoch 0023/0256 train_loss=0.002514 val_loss=0.002692 best_val=0.002223@0017 train_nmse=0.036887 val_nmse=0.035211 train_cos=0.985369 val_cos=0.986908
epoch 0024/0256 train_loss=0.002613 val_loss=0.002786 best_val=0.002223@0017 train_nmse=0.036546 val_nmse=0.039703 train_cos=0.980455 val_cos=0.987479
epoch 0025/0256 train_loss=0.002454 val_loss=0.003165 best_val=0.002223@0017 train_nmse=0.036661 val_nmse=0.041778 train_cos=0.984104 val_cos=0.984492
epoch 0026/0256 train_loss=0.002399 val_loss=0.002458 best_val=0.002223@0017 train_nmse=0.035822 val_nmse=0.034865 train_cos=0.979137 val_cos=0.989839
epoch 0027/0256 train_loss=0.002384 val_loss=0.002389 best_val=0.002223@0017 train_nmse=0.035111 val_nmse=0.033454 train_cos=0.983064 val_cos=0.990109
epoch 0028/0256 train_loss=0.002702 val_loss=0.003020 best_val=0.002223@0017 train_nmse=0.037745 val_nmse=0.036620 train_cos=0.975467 val_cos=0.990250
epoch 0029/0256 train_loss=0.002536 val_loss=0.002530 best_val=0.002223@0017 train_nmse=0.036596 val_nmse=0.033436 train_cos=0.977269 val_cos=0.989683
epoch 0030/0256 train_loss=0.002449 val_loss=0.002457 best_val=0.002223@0017 train_nmse=0.034775 val_nmse=0.036558 train_cos=0.981167 val_cos=0.989392
epoch 0031/0256 train_loss=0.002615 val_loss=0.002143 best_val=0.002143@0031 train_nmse=0.036755 val_nmse=0.033547 train_cos=0.978227 val_cos=0.970600
epoch 0032/0256 train_loss=0.002595 val_loss=0.002383 best_val=0.002143@0031 train_nmse=0.036283 val_nmse=0.034426 train_cos=0.986051 val_cos=0.990494
epoch 0033/0256 train_loss=0.002411 val_loss=0.002860 best_val=0.002143@0031 train_nmse=0.035479 val_nmse=0.035541 train_cos=0.986983 val_cos=0.986863
epoch 0034/0256 train_loss=0.002585 val_loss=0.002321 best_val=0.002143@0031 train_nmse=0.035704 val_nmse=0.038278 train_cos=0.987897 val_cos=0.974731
epoch 0035/0256 train_loss=0.002581 val_loss=0.002501 best_val=0.002143@0031 train_nmse=0.036288 val_nmse=0.035225 train_cos=0.962797 val_cos=0.991182
epoch 0036/0256 train_loss=0.002357 val_loss=0.002464 best_val=0.002143@0031 train_nmse=0.034871 val_nmse=0.030861 train_cos=0.986265 val_cos=0.990020
epoch 0037/0256 train_loss=0.002522 val_loss=0.002797 best_val=0.002143@0031 train_nmse=0.035017 val_nmse=0.035240 train_cos=0.988854 val_cos=0.987140
epoch 0038/0256 train_loss=0.002351 val_loss=0.002804 best_val=0.002143@0031 train_nmse=0.034298 val_nmse=0.033626 train_cos=0.988877 val_cos=0.990425
epoch 0039/0256 train_loss=0.002276 val_loss=0.002564 best_val=0.002143@0031 train_nmse=0.033649 val_nmse=0.033952 train_cos=0.985937 val_cos=0.988715
epoch 0040/0256 train_loss=0.002459 val_loss=0.002686 best_val=0.002143@0031 train_nmse=0.036704 val_nmse=0.035116 train_cos=0.977340 val_cos=0.989431
epoch 0041/0256 train_loss=0.002522 val_loss=0.002657 best_val=0.002143@0031 train_nmse=0.036493 val_nmse=0.039047 train_cos=0.965915 val_cos=0.990182
epoch 0042/0256 train_loss=0.002567 val_loss=0.002955 best_val=0.002143@0031 train_nmse=0.035336 val_nmse=0.037872 train_cos=0.988993 val_cos=0.988982
epoch 0043/0256 train_loss=0.002668 val_loss=0.002555 best_val=0.002143@0031 train_nmse=0.036102 val_nmse=0.034533 train_cos=0.987783 val_cos=0.990719
epoch 0044/0256 train_loss=0.002368 val_loss=0.002403 best_val=0.002143@0031 train_nmse=0.033547 val_nmse=0.034161 train_cos=0.988798 val_cos=0.991240
epoch 0045/0256 train_loss=0.002586 val_loss=0.002111 best_val=0.002111@0045 train_nmse=0.035063 val_nmse=0.033518 train_cos=0.985551 val_cos=0.990247
epoch 0046/0256 train_loss=0.002626 val_loss=0.002642 best_val=0.002111@0045 train_nmse=0.036243 val_nmse=0.037296 train_cos=0.963207 val_cos=0.990836
epoch 0047/0256 train_loss=0.002501 val_loss=0.002432 best_val=0.002111@0045 train_nmse=0.035641 val_nmse=0.033384 train_cos=0.987712 val_cos=0.990469
epoch 0048/0256 train_loss=0.002209 val_loss=0.002455 best_val=0.002111@0045 train_nmse=0.032289 val_nmse=0.035796 train_cos=0.989474 val_cos=0.989738
epoch 0049/0256 train_loss=0.002397 val_loss=0.002377 best_val=0.002111@0045 train_nmse=0.033712 val_nmse=0.033725 train_cos=0.989807 val_cos=0.990402
epoch 0050/0256 train_loss=0.002355 val_loss=0.002521 best_val=0.002111@0045 train_nmse=0.033121 val_nmse=0.032640 train_cos=0.989968 val_cos=0.991190
epoch 0051/0256 train_loss=0.002483 val_loss=0.002875 best_val=0.002111@0045 train_nmse=0.033891 val_nmse=0.035366 train_cos=0.989561 val_cos=0.990744
epoch 0052/0256 train_loss=0.002693 val_loss=0.002336 best_val=0.002111@0045 train_nmse=0.036843 val_nmse=0.033152 train_cos=0.976498 val_cos=0.991676
epoch 0053/0256 train_loss=0.002544 val_loss=0.002256 best_val=0.002111@0045 train_nmse=0.035096 val_nmse=0.033008 train_cos=0.984979 val_cos=0.990931
epoch 0054/0256 train_loss=0.002400 val_loss=0.002442 best_val=0.002111@0045 train_nmse=0.034691 val_nmse=0.033018 train_cos=0.990164 val_cos=0.988831
epoch 0055/0256 train_loss=0.002441 val_loss=0.002035 best_val=0.002035@0055 train_nmse=0.033349 val_nmse=0.030114 train_cos=0.990212 val_cos=0.991717
epoch 0056/0256 train_loss=0.002607 val_loss=0.002635 best_val=0.002035@0055 train_nmse=0.034764 val_nmse=0.034275 train_cos=0.985150 val_cos=0.991682
epoch 0057/0256 train_loss=0.002290 val_loss=0.002645 best_val=0.002035@0055 train_nmse=0.034102 val_nmse=0.034897 train_cos=0.990618 val_cos=0.980177
epoch 0058/0256 train_loss=0.002329 val_loss=0.002716 best_val=0.002035@0055 train_nmse=0.033317 val_nmse=0.032754 train_cos=0.984763 val_cos=0.991236
epoch 0059/0256 train_loss=0.002302 val_loss=0.001815 best_val=0.001815@0059 train_nmse=0.033543 val_nmse=0.028554 train_cos=0.990732 val_cos=0.991551
epoch 0060/0256 train_loss=0.002370 val_loss=0.002336 best_val=0.001815@0059 train_nmse=0.032730 val_nmse=0.032861 train_cos=0.990481 val_cos=0.990804
epoch 0061/0256 train_loss=0.002342 val_loss=0.002103 best_val=0.001815@0059 train_nmse=0.032100 val_nmse=0.032185 train_cos=0.990630 val_cos=0.992110
epoch 0062/0256 train_loss=0.002402 val_loss=0.002165 best_val=0.001815@0059 train_nmse=0.033273 val_nmse=0.029646 train_cos=0.990716 val_cos=0.991682
epoch 0063/0256 train_loss=0.002499 val_loss=0.002767 best_val=0.001815@0059 train_nmse=0.034710 val_nmse=0.033974 train_cos=0.979545 val_cos=0.991577
epoch 0064/0256 train_loss=0.002537 val_loss=0.002204 best_val=0.001815@0059 train_nmse=0.034705 val_nmse=0.032595 train_cos=0.990584 val_cos=0.991057
epoch 0065/0256 train_loss=0.002163 val_loss=0.002235 best_val=0.001815@0059 train_nmse=0.032460 val_nmse=0.031336 train_cos=0.991211 val_cos=0.991975
epoch 0066/0256 train_loss=0.002265 val_loss=0.002127 best_val=0.001815@0059 train_nmse=0.032950 val_nmse=0.030845 train_cos=0.990353 val_cos=0.990060
epoch 0067/0256 train_loss=0.002487 val_loss=0.002269 best_val=0.001815@0059 train_nmse=0.034040 val_nmse=0.032937 train_cos=0.990706 val_cos=0.991607
epoch 0068/0256 train_loss=0.002373 val_loss=0.002552 best_val=0.001815@0059 train_nmse=0.033140 val_nmse=0.033532 train_cos=0.979626 val_cos=0.991727
epoch 0069/0256 train_loss=0.002500 val_loss=0.002789 best_val=0.001815@0059 train_nmse=0.035011 val_nmse=0.037267 train_cos=0.990205 val_cos=0.978972
epoch 0070/0256 train_loss=0.002380 val_loss=0.002139 best_val=0.001815@0059 train_nmse=0.033836 val_nmse=0.031100 train_cos=0.990099 val_cos=0.992067
epoch 0071/0256 train_loss=0.002505 val_loss=0.002487 best_val=0.001815@0059 train_nmse=0.034545 val_nmse=0.030500 train_cos=0.990789 val_cos=0.991582
epoch 0072/0256 train_loss=0.002337 val_loss=0.002955 best_val=0.001815@0059 train_nmse=0.033700 val_nmse=0.035602 train_cos=0.990972 val_cos=0.989843
epoch 0073/0256 train_loss=0.002534 val_loss=0.002920 best_val=0.001815@0059 train_nmse=0.034957 val_nmse=0.040471 train_cos=0.980534 val_cos=0.992138
epoch 0074/0256 train_loss=0.002492 val_loss=0.002443 best_val=0.001815@0059 train_nmse=0.035016 val_nmse=0.034420 train_cos=0.990462 val_cos=0.991171
epoch 0075/0256 train_loss=0.002344 val_loss=0.001918 best_val=0.001815@0059 train_nmse=0.033431 val_nmse=0.028699 train_cos=0.990783 val_cos=0.991810
epoch 0076/0256 train_loss=0.002380 val_loss=0.002355 best_val=0.001815@0059 train_nmse=0.033778 val_nmse=0.033216 train_cos=0.990993 val_cos=0.991904
epoch 0077/0256 train_loss=0.002236 val_loss=0.002264 best_val=0.001815@0059 train_nmse=0.032547 val_nmse=0.031209 train_cos=0.990856 val_cos=0.990103
epoch 0078/0256 train_loss=0.002448 val_loss=0.002306 best_val=0.001815@0059 train_nmse=0.033867 val_nmse=0.032269 train_cos=0.990908 val_cos=0.990049
epoch 0079/0256 train_loss=0.002355 val_loss=0.002972 best_val=0.001815@0059 train_nmse=0.032691 val_nmse=0.035173 train_cos=0.990232 val_cos=0.991094
epoch 0080/0256 train_loss=0.002202 val_loss=0.001770 best_val=0.001770@0080 train_nmse=0.032789 val_nmse=0.028898 train_cos=0.990345 val_cos=0.992130
epoch 0081/0256 train_loss=0.002365 val_loss=0.002426 best_val=0.001770@0080 train_nmse=0.032786 val_nmse=0.031093 train_cos=0.991115 val_cos=0.991565
epoch 0082/0256 train_loss=0.002221 val_loss=0.001984 best_val=0.001770@0080 train_nmse=0.032922 val_nmse=0.031355 train_cos=0.987208 val_cos=0.991616
epoch 0083/0256 train_loss=0.002342 val_loss=0.002535 best_val=0.001770@0080 train_nmse=0.032836 val_nmse=0.032484 train_cos=0.990406 val_cos=0.992110
epoch 0084/0256 train_loss=0.002278 val_loss=0.002428 best_val=0.001770@0080 train_nmse=0.033217 val_nmse=0.031159 train_cos=0.991548 val_cos=0.991163
epoch 0085/0256 train_loss=0.002359 val_loss=0.002846 best_val=0.001770@0080 train_nmse=0.033232 val_nmse=0.034388 train_cos=0.982329 val_cos=0.991640
epoch 0086/0256 train_loss=0.002423 val_loss=0.002074 best_val=0.001770@0080 train_nmse=0.033655 val_nmse=0.031102 train_cos=0.991465 val_cos=0.991214
epoch 0087/0256 train_loss=0.002438 val_loss=0.002271 best_val=0.001770@0080 train_nmse=0.033595 val_nmse=0.032560 train_cos=0.991154 val_cos=0.991537
epoch 0088/0256 train_loss=0.002271 val_loss=0.002715 best_val=0.001770@0080 train_nmse=0.032518 val_nmse=0.034003 train_cos=0.990564 val_cos=0.990651
epoch 0089/0256 train_loss=0.002088 val_loss=0.002022 best_val=0.001770@0080 train_nmse=0.031852 val_nmse=0.031073 train_cos=0.991517 val_cos=0.990967
epoch 0090/0256 train_loss=0.002320 val_loss=0.002448 best_val=0.001770@0080 train_nmse=0.034378 val_nmse=0.030465 train_cos=0.988933 val_cos=0.991686
epoch 0091/0256 train_loss=0.002324 val_loss=0.002331 best_val=0.001770@0080 train_nmse=0.033001 val_nmse=0.034884 train_cos=0.990945 val_cos=0.991598
epoch 0092/0256 train_loss=0.002336 val_loss=0.002280 best_val=0.001770@0080 train_nmse=0.033141 val_nmse=0.033269 train_cos=0.991574 val_cos=0.991772
epoch 0093/0256 train_loss=0.002242 val_loss=0.002151 best_val=0.001770@0080 train_nmse=0.032649 val_nmse=0.030709 train_cos=0.991410 val_cos=0.991540
epoch 0094/0256 train_loss=0.002437 val_loss=0.002328 best_val=0.001770@0080 train_nmse=0.033443 val_nmse=0.033465 train_cos=0.988390 val_cos=0.992114
epoch 0095/0256 train_loss=0.002195 val_loss=0.002192 best_val=0.001770@0080 train_nmse=0.033266 val_nmse=0.030947 train_cos=0.991892 val_cos=0.988518
epoch 0096/0256 train_loss=0.002372 val_loss=0.002818 best_val=0.001770@0080 train_nmse=0.033085 val_nmse=0.034030 train_cos=0.991256 val_cos=0.991249
epoch 0097/0256 train_loss=0.002285 val_loss=0.002363 best_val=0.001770@0080 train_nmse=0.033102 val_nmse=0.032261 train_cos=0.991620 val_cos=0.990130
epoch 0098/0256 train_loss=0.002370 val_loss=0.002234 best_val=0.001770@0080 train_nmse=0.033843 val_nmse=0.032485 train_cos=0.991103 val_cos=0.992188
epoch 0099/0256 train_loss=0.002390 val_loss=0.002443 best_val=0.001770@0080 train_nmse=0.033612 val_nmse=0.031741 train_cos=0.991259 val_cos=0.992159
epoch 0100/0256 train_loss=0.002369 val_loss=0.002222 best_val=0.001770@0080 train_nmse=0.033675 val_nmse=0.032074 train_cos=0.991416 val_cos=0.992304
epoch 0101/0256 train_loss=0.002303 val_loss=0.002563 best_val=0.001770@0080 train_nmse=0.032913 val_nmse=0.034240 train_cos=0.991661 val_cos=0.991269
epoch 0102/0256 train_loss=0.002234 val_loss=0.002619 best_val=0.001770@0080 train_nmse=0.032371 val_nmse=0.034827 train_cos=0.991642 val_cos=0.991373
epoch 0103/0256 train_loss=0.002250 val_loss=0.001773 best_val=0.001770@0080 train_nmse=0.032554 val_nmse=0.029172 train_cos=0.991650 val_cos=0.978494
epoch 0104/0256 train_loss=0.002352 val_loss=0.002248 best_val=0.001770@0080 train_nmse=0.033582 val_nmse=0.031784 train_cos=0.990188 val_cos=0.990953
epoch 0105/0256 train_loss=0.002313 val_loss=0.002673 best_val=0.001770@0080 train_nmse=0.033266 val_nmse=0.035381 train_cos=0.991433 val_cos=0.978172
epoch 0106/0256 train_loss=0.002190 val_loss=0.002331 best_val=0.001770@0080 train_nmse=0.032603 val_nmse=0.031607 train_cos=0.991244 val_cos=0.992020
epoch 0107/0256 train_loss=0.002469 val_loss=0.002745 best_val=0.001770@0080 train_nmse=0.033272 val_nmse=0.034235 train_cos=0.988701 val_cos=0.990914
epoch 0108/0256 train_loss=0.002408 val_loss=0.002280 best_val=0.001770@0080 train_nmse=0.034157 val_nmse=0.031161 train_cos=0.984519 val_cos=0.991528
epoch 0109/0256 train_loss=0.002381 val_loss=0.002508 best_val=0.001770@0080 train_nmse=0.032755 val_nmse=0.032216 train_cos=0.988114 val_cos=0.991943
epoch 0110/0256 train_loss=0.002502 val_loss=0.002240 best_val=0.001770@0080 train_nmse=0.034107 val_nmse=0.031261 train_cos=0.990620 val_cos=0.981261
epoch 0111/0256 train_loss=0.002313 val_loss=0.001934 best_val=0.001770@0080 train_nmse=0.032822 val_nmse=0.029000 train_cos=0.991090 val_cos=0.992416
epoch 0112/0256 train_loss=0.002349 val_loss=0.002489 best_val=0.001770@0080 train_nmse=0.033261 val_nmse=0.031843 train_cos=0.991434 val_cos=0.991613
epoch 0113/0256 train_loss=0.002290 val_loss=0.001960 best_val=0.001770@0080 train_nmse=0.032375 val_nmse=0.028100 train_cos=0.991432 val_cos=0.990666
epoch 0114/0256 train_loss=0.002263 val_loss=0.002293 best_val=0.001770@0080 train_nmse=0.031867 val_nmse=0.031043 train_cos=0.991502 val_cos=0.992058
epoch 0115/0256 train_loss=0.002461 val_loss=0.002921 best_val=0.001770@0080 train_nmse=0.033373 val_nmse=0.033956 train_cos=0.988762 val_cos=0.991941
epoch 0116/0256 train_loss=0.002308 val_loss=0.002186 best_val=0.001770@0080 train_nmse=0.032314 val_nmse=0.029428 train_cos=0.991381 val_cos=0.991752
epoch 0117/0256 train_loss=0.002491 val_loss=0.002178 best_val=0.001770@0080 train_nmse=0.034104 val_nmse=0.032044 train_cos=0.990157 val_cos=0.992333
epoch 0118/0256 train_loss=0.002380 val_loss=0.002170 best_val=0.001770@0080 train_nmse=0.033922 val_nmse=0.034162 train_cos=0.991591 val_cos=0.991741
epoch 0119/0256 train_loss=0.002161 val_loss=0.002862 best_val=0.001770@0080 train_nmse=0.032050 val_nmse=0.036485 train_cos=0.991711 val_cos=0.991404
epoch 0120/0256 train_loss=0.002275 val_loss=0.002616 best_val=0.001770@0080 train_nmse=0.031928 val_nmse=0.035623 train_cos=0.989411 val_cos=0.992030
epoch 0121/0256 train_loss=0.002386 val_loss=0.002363 best_val=0.001770@0080 train_nmse=0.033240 val_nmse=0.032561 train_cos=0.991817 val_cos=0.991841
epoch 0122/0256 train_loss=0.002318 val_loss=0.002021 best_val=0.001770@0080 train_nmse=0.032194 val_nmse=0.032832 train_cos=0.991466 val_cos=0.992644
epoch 0123/0256 train_loss=0.002429 val_loss=0.002161 best_val=0.001770@0080 train_nmse=0.033259 val_nmse=0.029876 train_cos=0.990210 val_cos=0.992132
epoch 0124/0256 train_loss=0.002300 val_loss=0.002496 best_val=0.001770@0080 train_nmse=0.032649 val_nmse=0.034740 train_cos=0.991722 val_cos=0.991199
epoch 0125/0256 train_loss=0.002329 val_loss=0.002484 best_val=0.001770@0080 train_nmse=0.032826 val_nmse=0.032019 train_cos=0.989561 val_cos=0.992112
epoch 0126/0256 train_loss=0.002296 val_loss=0.001960 best_val=0.001770@0080 train_nmse=0.033028 val_nmse=0.027932 train_cos=0.989835 val_cos=0.992200
epoch 0127/0256 train_loss=0.002474 val_loss=0.002594 best_val=0.001770@0080 train_nmse=0.034889 val_nmse=0.035769 train_cos=0.991530 val_cos=0.991591
epoch 0128/0256 train_loss=0.002392 val_loss=0.002449 best_val=0.001770@0080 train_nmse=0.033490 val_nmse=0.034256 train_cos=0.991076 val_cos=0.983904
epoch 0129/0256 train_loss=0.002347 val_loss=0.002066 best_val=0.001770@0080 train_nmse=0.033178 val_nmse=0.030905 train_cos=0.990670 val_cos=0.992499
epoch 0130/0256 train_loss=0.002119 val_loss=0.002180 best_val=0.001770@0080 train_nmse=0.031118 val_nmse=0.034915 train_cos=0.991938 val_cos=0.992043
epoch 0131/0256 train_loss=0.002290 val_loss=0.002086 best_val=0.001770@0080 train_nmse=0.032279 val_nmse=0.029410 train_cos=0.991846 val_cos=0.992317
epoch 0132/0256 train_loss=0.002277 val_loss=0.001982 best_val=0.001770@0080 train_nmse=0.031728 val_nmse=0.029199 train_cos=0.991960 val_cos=0.992294
epoch 0133/0256 train_loss=0.002348 val_loss=0.002539 best_val=0.001770@0080 train_nmse=0.033118 val_nmse=0.031580 train_cos=0.991780 val_cos=0.991976
epoch 0134/0256 train_loss=0.002289 val_loss=0.002529 best_val=0.001770@0080 train_nmse=0.032449 val_nmse=0.033063 train_cos=0.991432 val_cos=0.992157
epoch 0135/0256 train_loss=0.002320 val_loss=0.002382 best_val=0.001770@0080 train_nmse=0.032955 val_nmse=0.033264 train_cos=0.991502 val_cos=0.992261
epoch 0136/0256 train_loss=0.002431 val_loss=0.002443 best_val=0.001770@0080 train_nmse=0.032892 val_nmse=0.031331 train_cos=0.991797 val_cos=0.992184
epoch 0137/0256 train_loss=0.002333 val_loss=0.001878 best_val=0.001770@0080 train_nmse=0.032640 val_nmse=0.029909 train_cos=0.991540 val_cos=0.992581
epoch 0138/0256 train_loss=0.002310 val_loss=0.001854 best_val=0.001770@0080 train_nmse=0.033239 val_nmse=0.028820 train_cos=0.990765 val_cos=0.992686
epoch 0139/0256 train_loss=0.002423 val_loss=0.002238 best_val=0.001770@0080 train_nmse=0.034364 val_nmse=0.029848 train_cos=0.989921 val_cos=0.991976
epoch 0140/0256 train_loss=0.002225 val_loss=0.002293 best_val=0.001770@0080 train_nmse=0.031922 val_nmse=0.030258 train_cos=0.991821 val_cos=0.992287
epoch 0141/0256 train_loss=0.002421 val_loss=0.002227 best_val=0.001770@0080 train_nmse=0.033068 val_nmse=0.030263 train_cos=0.987260 val_cos=0.992360
epoch 0142/0256 train_loss=0.002388 val_loss=0.002221 best_val=0.001770@0080 train_nmse=0.032947 val_nmse=0.032246 train_cos=0.991949 val_cos=0.992081
epoch 0143/0256 train_loss=0.002264 val_loss=0.002216 best_val=0.001770@0080 train_nmse=0.032411 val_nmse=0.029740 train_cos=0.991705 val_cos=0.991889
epoch 0144/0256 train_loss=0.002381 val_loss=0.002098 best_val=0.001770@0080 train_nmse=0.033372 val_nmse=0.030891 train_cos=0.990864 val_cos=0.992731
epoch 0145/0256 train_loss=0.002267 val_loss=0.002241 best_val=0.001770@0080 train_nmse=0.031785 val_nmse=0.029542 train_cos=0.991882 val_cos=0.992102
epoch 0146/0256 train_loss=0.002276 val_loss=0.002236 best_val=0.001770@0080 train_nmse=0.031939 val_nmse=0.030850 train_cos=0.987337 val_cos=0.992768
epoch 0147/0256 train_loss=0.002408 val_loss=0.002485 best_val=0.001770@0080 train_nmse=0.033700 val_nmse=0.030956 train_cos=0.992010 val_cos=0.991948
epoch 0148/0256 train_loss=0.002235 val_loss=0.002102 best_val=0.001770@0080 train_nmse=0.031597 val_nmse=0.028395 train_cos=0.991967 val_cos=0.992554
epoch 0149/0256 train_loss=0.002262 val_loss=0.002152 best_val=0.001770@0080 train_nmse=0.032697 val_nmse=0.033317 train_cos=0.989933 val_cos=0.991624
epoch 0150/0256 train_loss=0.002231 val_loss=0.002569 best_val=0.001770@0080 train_nmse=0.031396 val_nmse=0.031348 train_cos=0.992051 val_cos=0.992292
epoch 0151/0256 train_loss=0.002267 val_loss=0.002231 best_val=0.001770@0080 train_nmse=0.032867 val_nmse=0.031791 train_cos=0.991950 val_cos=0.992176
epoch 0152/0256 train_loss=0.002324 val_loss=0.002163 best_val=0.001770@0080 train_nmse=0.032842 val_nmse=0.029294 train_cos=0.991872 val_cos=0.992446
epoch 0153/0256 train_loss=0.002309 val_loss=0.002233 best_val=0.001770@0080 train_nmse=0.032116 val_nmse=0.030768 train_cos=0.992014 val_cos=0.992071
epoch 0154/0256 train_loss=0.002224 val_loss=0.002454 best_val=0.001770@0080 train_nmse=0.031779 val_nmse=0.033378 train_cos=0.992054 val_cos=0.991479
epoch 0155/0256 train_loss=0.002454 val_loss=0.002188 best_val=0.001770@0080 train_nmse=0.033411 val_nmse=0.033046 train_cos=0.991082 val_cos=0.992055
epoch 0156/0256 train_loss=0.002350 val_loss=0.002833 best_val=0.001770@0080 train_nmse=0.033826 val_nmse=0.034703 train_cos=0.990995 val_cos=0.991843
epoch 0157/0256 train_loss=0.002301 val_loss=0.002347 best_val=0.001770@0080 train_nmse=0.033217 val_nmse=0.032048 train_cos=0.988221 val_cos=0.991116
epoch 0158/0256 train_loss=0.002252 val_loss=0.002611 best_val=0.001770@0080 train_nmse=0.031166 val_nmse=0.035878 train_cos=0.991673 val_cos=0.991819
epoch 0159/0256 train_loss=0.002370 val_loss=0.002216 best_val=0.001770@0080 train_nmse=0.032955 val_nmse=0.029952 train_cos=0.991895 val_cos=0.992450
epoch 0160/0256 train_loss=0.002337 val_loss=0.002394 best_val=0.001770@0080 train_nmse=0.032955 val_nmse=0.029943 train_cos=0.991955 val_cos=0.992561
epoch 0161/0256 train_loss=0.002225 val_loss=0.002204 best_val=0.001770@0080 train_nmse=0.032725 val_nmse=0.030977 train_cos=0.991200 val_cos=0.990157
epoch 0162/0256 train_loss=0.002203 val_loss=0.002387 best_val=0.001770@0080 train_nmse=0.031876 val_nmse=0.031497 train_cos=0.992061 val_cos=0.991668
epoch 0163/0256 train_loss=0.002175 val_loss=0.002203 best_val=0.001770@0080 train_nmse=0.031317 val_nmse=0.030566 train_cos=0.991860 val_cos=0.991802
epoch 0164/0256 train_loss=0.002334 val_loss=0.002452 best_val=0.001770@0080 train_nmse=0.032669 val_nmse=0.031611 train_cos=0.992061 val_cos=0.992199
epoch 0165/0256 train_loss=0.002111 val_loss=0.002198 best_val=0.001770@0080 train_nmse=0.031177 val_nmse=0.033832 train_cos=0.991032 val_cos=0.993038
epoch 0166/0256 train_loss=0.002372 val_loss=0.002188 best_val=0.001770@0080 train_nmse=0.033856 val_nmse=0.031410 train_cos=0.986544 val_cos=0.992334
epoch 0167/0256 train_loss=0.002244 val_loss=0.002155 best_val=0.001770@0080 train_nmse=0.032500 val_nmse=0.030273 train_cos=0.992107 val_cos=0.992570
epoch 0168/0256 train_loss=0.002251 val_loss=0.002325 best_val=0.001770@0080 train_nmse=0.032371 val_nmse=0.030597 train_cos=0.992077 val_cos=0.991707
epoch 0169/0256 train_loss=0.002299 val_loss=0.002135 best_val=0.001770@0080 train_nmse=0.031797 val_nmse=0.030556 train_cos=0.992038 val_cos=0.992134
epoch 0170/0256 train_loss=0.002410 val_loss=0.001973 best_val=0.001770@0080 train_nmse=0.033382 val_nmse=0.029300 train_cos=0.991492 val_cos=0.992444
epoch 0171/0256 train_loss=0.002142 val_loss=0.001904 best_val=0.001770@0080 train_nmse=0.031198 val_nmse=0.027898 train_cos=0.992086 val_cos=0.992408
epoch 0172/0256 train_loss=0.002439 val_loss=0.002302 best_val=0.001770@0080 train_nmse=0.033063 val_nmse=0.029948 train_cos=0.991572 val_cos=0.990906
epoch 0173/0256 train_loss=0.002247 val_loss=0.002594 best_val=0.001770@0080 train_nmse=0.032146 val_nmse=0.033739 train_cos=0.992032 val_cos=0.991934
epoch 0174/0256 train_loss=0.002288 val_loss=0.002365 best_val=0.001770@0080 train_nmse=0.031909 val_nmse=0.031703 train_cos=0.992077 val_cos=0.992249
epoch 0175/0256 train_loss=0.002318 val_loss=0.001943 best_val=0.001770@0080 train_nmse=0.032375 val_nmse=0.032145 train_cos=0.991548 val_cos=0.992577
epoch 0176/0256 train_loss=0.002318 val_loss=0.002494 best_val=0.001770@0080 train_nmse=0.033393 val_nmse=0.030074 train_cos=0.991732 val_cos=0.991723
epoch 0177/0256 train_loss=0.002266 val_loss=0.002573 best_val=0.001770@0080 train_nmse=0.032097 val_nmse=0.032934 train_cos=0.992010 val_cos=0.991735
epoch 0178/0256 train_loss=0.002421 val_loss=0.002330 best_val=0.001770@0080 train_nmse=0.033467 val_nmse=0.031584 train_cos=0.991984 val_cos=0.992159
epoch 0179/0256 train_loss=0.002457 val_loss=0.002083 best_val=0.001770@0080 train_nmse=0.033742 val_nmse=0.029011 train_cos=0.991558 val_cos=0.992552
epoch 0180/0256 train_loss=0.002510 val_loss=0.002414 best_val=0.001770@0080 train_nmse=0.033528 val_nmse=0.032246 train_cos=0.991939 val_cos=0.992194
epoch 0181/0256 train_loss=0.002332 val_loss=0.002636 best_val=0.001770@0080 train_nmse=0.033232 val_nmse=0.030444 train_cos=0.991954 val_cos=0.992137
epoch 0182/0256 train_loss=0.002399 val_loss=0.002410 best_val=0.001770@0080 train_nmse=0.032733 val_nmse=0.032662 train_cos=0.991851 val_cos=0.992120
epoch 0183/0256 train_loss=0.002311 val_loss=0.002055 best_val=0.001770@0080 train_nmse=0.033363 val_nmse=0.031064 train_cos=0.985687 val_cos=0.992468
epoch 0184/0256 train_loss=0.002292 val_loss=0.002250 best_val=0.001770@0080 train_nmse=0.034022 val_nmse=0.031476 train_cos=0.991753 val_cos=0.992354
epoch 0185/0256 train_loss=0.002201 val_loss=0.002471 best_val=0.001770@0080 train_nmse=0.031188 val_nmse=0.033010 train_cos=0.991506 val_cos=0.991297
epoch 0186/0256 train_loss=0.002343 val_loss=0.001993 best_val=0.001770@0080 train_nmse=0.033019 val_nmse=0.029769 train_cos=0.991868 val_cos=0.990128
epoch 0187/0256 train_loss=0.002221 val_loss=0.001908 best_val=0.001770@0080 train_nmse=0.032977 val_nmse=0.030132 train_cos=0.987729 val_cos=0.991754
epoch 0188/0256 train_loss=0.002274 val_loss=0.002518 best_val=0.001770@0080 train_nmse=0.032835 val_nmse=0.031868 train_cos=0.992066 val_cos=0.991282
epoch 0189/0256 train_loss=0.002361 val_loss=0.002292 best_val=0.001770@0080 train_nmse=0.032827 val_nmse=0.031453 train_cos=0.992006 val_cos=0.992238
epoch 0190/0256 train_loss=0.002239 val_loss=0.002711 best_val=0.001770@0080 train_nmse=0.032404 val_nmse=0.033469 train_cos=0.991912 val_cos=0.990824
epoch 0191/0256 train_loss=0.002361 val_loss=0.002630 best_val=0.001770@0080 train_nmse=0.033414 val_nmse=0.033871 train_cos=0.991241 val_cos=0.991702
epoch 0192/0256 train_loss=0.002362 val_loss=0.001937 best_val=0.001770@0080 train_nmse=0.033392 val_nmse=0.030319 train_cos=0.990632 val_cos=0.992535
epoch 0193/0256 train_loss=0.002310 val_loss=0.002370 best_val=0.001770@0080 train_nmse=0.032708 val_nmse=0.031922 train_cos=0.992010 val_cos=0.991409
epoch 0194/0256 train_loss=0.002395 val_loss=0.002418 best_val=0.001770@0080 train_nmse=0.033170 val_nmse=0.033666 train_cos=0.990874 val_cos=0.988601
epoch 0195/0256 train_loss=0.002348 val_loss=0.002585 best_val=0.001770@0080 train_nmse=0.031471 val_nmse=0.033086 train_cos=0.991926 val_cos=0.991567
epoch 0196/0256 train_loss=0.002393 val_loss=0.002320 best_val=0.001770@0080 train_nmse=0.033902 val_nmse=0.032729 train_cos=0.991212 val_cos=0.990475
epoch 0197/0256 train_loss=0.002296 val_loss=0.002481 best_val=0.001770@0080 train_nmse=0.032028 val_nmse=0.032797 train_cos=0.992097 val_cos=0.992309
epoch 0198/0256 train_loss=0.002303 val_loss=0.002297 best_val=0.001770@0080 train_nmse=0.031717 val_nmse=0.028136 train_cos=0.991762 val_cos=0.992216
epoch 0199/0256 train_loss=0.002244 val_loss=0.002373 best_val=0.001770@0080 train_nmse=0.032180 val_nmse=0.032405 train_cos=0.992167 val_cos=0.992496
epoch 0200/0256 train_loss=0.002306 val_loss=0.001875 best_val=0.001770@0080 train_nmse=0.032227 val_nmse=0.029000 train_cos=0.991838 val_cos=0.987307
epoch 0201/0256 train_loss=0.002314 val_loss=0.002152 best_val=0.001770@0080 train_nmse=0.032487 val_nmse=0.031471 train_cos=0.991713 val_cos=0.992660
epoch 0202/0256 train_loss=0.002307 val_loss=0.001860 best_val=0.001770@0080 train_nmse=0.031621 val_nmse=0.030094 train_cos=0.991719 val_cos=0.992683
epoch 0203/0256 train_loss=0.002285 val_loss=0.001799 best_val=0.001770@0080 train_nmse=0.031409 val_nmse=0.029302 train_cos=0.992115 val_cos=0.992738
epoch 0204/0256 train_loss=0.002265 val_loss=0.002163 best_val=0.001770@0080 train_nmse=0.031679 val_nmse=0.031511 train_cos=0.992087 val_cos=0.992308
epoch 0205/0256 train_loss=0.002262 val_loss=0.002200 best_val=0.001770@0080 train_nmse=0.031742 val_nmse=0.030064 train_cos=0.992047 val_cos=0.992531
epoch 0206/0256 train_loss=0.002230 val_loss=0.001943 best_val=0.001770@0080 train_nmse=0.031302 val_nmse=0.030468 train_cos=0.992136 val_cos=0.991939
epoch 0207/0256 train_loss=0.002251 val_loss=0.002361 best_val=0.001770@0080 train_nmse=0.032157 val_nmse=0.031437 train_cos=0.992143 val_cos=0.992223
epoch 0208/0256 train_loss=0.002311 val_loss=0.002196 best_val=0.001770@0080 train_nmse=0.031861 val_nmse=0.031058 train_cos=0.992034 val_cos=0.992529
epoch 0209/0256 train_loss=0.002334 val_loss=0.002070 best_val=0.001770@0080 train_nmse=0.033083 val_nmse=0.031225 train_cos=0.991631 val_cos=0.992673
epoch 0210/0256 train_loss=0.002359 val_loss=0.002874 best_val=0.001770@0080 train_nmse=0.033941 val_nmse=0.034677 train_cos=0.986888 val_cos=0.991981
epoch 0211/0256 train_loss=0.002117 val_loss=0.002236 best_val=0.001770@0080 train_nmse=0.031424 val_nmse=0.030147 train_cos=0.992043 val_cos=0.991162
epoch 0212/0256 train_loss=0.002229 val_loss=0.002498 best_val=0.001770@0080 train_nmse=0.031881 val_nmse=0.034166 train_cos=0.992057 val_cos=0.991815
epoch 0213/0256 train_loss=0.002322 val_loss=0.002105 best_val=0.001770@0080 train_nmse=0.032078 val_nmse=0.030524 train_cos=0.992056 val_cos=0.992404
epoch 0214/0256 train_loss=0.002401 val_loss=0.002303 best_val=0.001770@0080 train_nmse=0.033310 val_nmse=0.031213 train_cos=0.991733 val_cos=0.992358
epoch 0215/0256 train_loss=0.002200 val_loss=0.002220 best_val=0.001770@0080 train_nmse=0.031946 val_nmse=0.029930 train_cos=0.992089 val_cos=0.992530
epoch 0216/0256 train_loss=0.002341 val_loss=0.002064 best_val=0.001770@0080 train_nmse=0.032470 val_nmse=0.031412 train_cos=0.990196 val_cos=0.992729
epoch 0217/0256 train_loss=0.002359 val_loss=0.002395 best_val=0.001770@0080 train_nmse=0.031963 val_nmse=0.031138 train_cos=0.991588 val_cos=0.992492
epoch 0218/0256 train_loss=0.002141 val_loss=0.002244 best_val=0.001770@0080 train_nmse=0.030909 val_nmse=0.034515 train_cos=0.992334 val_cos=0.992575
epoch 0219/0256 train_loss=0.002124 val_loss=0.002292 best_val=0.001770@0080 train_nmse=0.030813 val_nmse=0.030715 train_cos=0.992345 val_cos=0.992426
epoch 0220/0256 train_loss=0.002187 val_loss=0.002309 best_val=0.001770@0080 train_nmse=0.031198 val_nmse=0.031395 train_cos=0.992323 val_cos=0.992467
epoch 0221/0256 train_loss=0.002243 val_loss=0.002262 best_val=0.001770@0080 train_nmse=0.032163 val_nmse=0.029494 train_cos=0.992223 val_cos=0.992449
epoch 0222/0256 train_loss=0.002385 val_loss=0.002207 best_val=0.001770@0080 train_nmse=0.032338 val_nmse=0.031053 train_cos=0.988633 val_cos=0.992735
epoch 0223/0256 train_loss=0.002385 val_loss=0.002566 best_val=0.001770@0080 train_nmse=0.032991 val_nmse=0.031844 train_cos=0.991947 val_cos=0.991880
epoch 0224/0256 train_loss=0.002236 val_loss=0.002193 best_val=0.001770@0080 train_nmse=0.032502 val_nmse=0.030054 train_cos=0.992254 val_cos=0.992154
epoch 0225/0256 train_loss=0.002159 val_loss=0.002736 best_val=0.001770@0080 train_nmse=0.031440 val_nmse=0.035548 train_cos=0.991759 val_cos=0.992388
epoch 0226/0256 train_loss=0.002343 val_loss=0.002045 best_val=0.001770@0080 train_nmse=0.031967 val_nmse=0.030480 train_cos=0.992220 val_cos=0.992325
epoch 0227/0256 train_loss=0.002329 val_loss=0.002358 best_val=0.001770@0080 train_nmse=0.032738 val_nmse=0.028482 train_cos=0.991898 val_cos=0.992379
epoch 0228/0256 train_loss=0.002481 val_loss=0.002466 best_val=0.001770@0080 train_nmse=0.033968 val_nmse=0.029198 train_cos=0.991988 val_cos=0.992502
epoch 0229/0256 train_loss=0.002250 val_loss=0.002580 best_val=0.001770@0080 train_nmse=0.032156 val_nmse=0.030253 train_cos=0.992191 val_cos=0.991792
epoch 0230/0256 train_loss=0.002272 val_loss=0.002030 best_val=0.001770@0080 train_nmse=0.031410 val_nmse=0.028488 train_cos=0.992051 val_cos=0.992322
epoch 0231/0256 train_loss=0.002220 val_loss=0.002033 best_val=0.001770@0080 train_nmse=0.031080 val_nmse=0.030009 train_cos=0.992271 val_cos=0.992062
epoch 0232/0256 train_loss=0.002289 val_loss=0.002302 best_val=0.001770@0080 train_nmse=0.032664 val_nmse=0.032341 train_cos=0.992280 val_cos=0.992012
epoch 0233/0256 train_loss=0.002504 val_loss=0.002432 best_val=0.001770@0080 train_nmse=0.034087 val_nmse=0.029993 train_cos=0.992197 val_cos=0.992194
epoch 0234/0256 train_loss=0.002245 val_loss=0.002360 best_val=0.001770@0080 train_nmse=0.032226 val_nmse=0.031403 train_cos=0.992274 val_cos=0.992019
epoch 0235/0256 train_loss=0.002181 val_loss=0.002402 best_val=0.001770@0080 train_nmse=0.032129 val_nmse=0.032721 train_cos=0.992079 val_cos=0.992657
epoch 0236/0256 train_loss=0.002280 val_loss=0.002185 best_val=0.001770@0080 train_nmse=0.032225 val_nmse=0.032951 train_cos=0.992171 val_cos=0.992319
epoch 0237/0256 train_loss=0.002313 val_loss=0.002027 best_val=0.001770@0080 train_nmse=0.032808 val_nmse=0.028508 train_cos=0.992195 val_cos=0.992720
epoch 0238/0256 train_loss=0.002157 val_loss=0.002600 best_val=0.001770@0080 train_nmse=0.031100 val_nmse=0.034224 train_cos=0.992260 val_cos=0.992229
epoch 0239/0256 train_loss=0.002235 val_loss=0.002349 best_val=0.001770@0080 train_nmse=0.032140 val_nmse=0.032661 train_cos=0.992307 val_cos=0.992407
epoch 0240/0256 train_loss=0.002255 val_loss=0.002127 best_val=0.001770@0080 train_nmse=0.031835 val_nmse=0.029622 train_cos=0.992175 val_cos=0.992763
epoch 0241/0256 train_loss=0.002136 val_loss=0.002128 best_val=0.001770@0080 train_nmse=0.030929 val_nmse=0.029542 train_cos=0.992172 val_cos=0.992264
epoch 0242/0256 train_loss=0.002244 val_loss=0.002554 best_val=0.001770@0080 train_nmse=0.031636 val_nmse=0.032637 train_cos=0.992369 val_cos=0.990108
epoch 0243/0256 train_loss=0.002174 val_loss=0.002351 best_val=0.001770@0080 train_nmse=0.030762 val_nmse=0.032721 train_cos=0.992118 val_cos=0.992260
epoch 0244/0256 train_loss=0.002337 val_loss=0.002181 best_val=0.001770@0080 train_nmse=0.032809 val_nmse=0.029996 train_cos=0.991961 val_cos=0.991995
epoch 0245/0256 train_loss=0.002243 val_loss=0.002305 best_val=0.001770@0080 train_nmse=0.032702 val_nmse=0.029662 train_cos=0.992404 val_cos=0.992554
epoch 0246/0256 train_loss=0.002378 val_loss=0.002138 best_val=0.001770@0080 train_nmse=0.032541 val_nmse=0.030665 train_cos=0.992161 val_cos=0.992052
epoch 0247/0256 train_loss=0.002184 val_loss=0.002515 best_val=0.001770@0080 train_nmse=0.032169 val_nmse=0.033426 train_cos=0.992351 val_cos=0.992055
epoch 0248/0256 train_loss=0.002262 val_loss=0.002180 best_val=0.001770@0080 train_nmse=0.031790 val_nmse=0.031904 train_cos=0.992075 val_cos=0.986789
epoch 0249/0256 train_loss=0.002216 val_loss=0.002473 best_val=0.001770@0080 train_nmse=0.031981 val_nmse=0.030916 train_cos=0.992224 val_cos=0.992324
epoch 0250/0256 train_loss=0.002186 val_loss=0.002217 best_val=0.001770@0080 train_nmse=0.032250 val_nmse=0.030583 train_cos=0.992259 val_cos=0.992347
epoch 0251/0256 train_loss=0.002221 val_loss=0.002323 best_val=0.001770@0080 train_nmse=0.032648 val_nmse=0.029383 train_cos=0.987900 val_cos=0.992635
epoch 0252/0256 train_loss=0.002243 val_loss=0.001822 best_val=0.001770@0080 train_nmse=0.031927 val_nmse=0.028230 train_cos=0.991949 val_cos=0.992403
epoch 0253/0256 train_loss=0.002280 val_loss=0.002137 best_val=0.001770@0080 train_nmse=0.031687 val_nmse=0.032853 train_cos=0.992038 val_cos=0.992704
epoch 0254/0256 train_loss=0.002291 val_loss=0.002025 best_val=0.001770@0080 train_nmse=0.031704 val_nmse=0.029599 train_cos=0.992143 val_cos=0.992426
epoch 0255/0256 train_loss=0.002233 val_loss=0.002284 best_val=0.001770@0080 train_nmse=0.032370 val_nmse=0.031600 train_cos=0.992209 val_cos=0.992535
epoch 0256/0256 train_loss=0.002371 val_loss=0.002020 best_val=0.001770@0080 train_nmse=0.032926 val_nmse=0.028508 train_cos=0.992144 val_cos=0.992742
saved last checkpoint: checkpoints/ardae_unet/poisson/last_epoch_0256.pt
saved best checkpoint: checkpoints/ardae_unet/poisson/best_model.pt
saved metrics: checkpoints/ardae_unet/poisson/metrics.csv
