save_dir: checkpoints/ardae_unet/poisson_lam001_005_smoothing_001
requested_save_dir already existed; using: checkpoints/ardae_unet/poisson_lam001_005_smoothing_001
device: cuda
data: datasets/DIV2K_train_HR_processed
num_images: 800
patch_size: 128
stride: 128
unet_image_shape: (3, 128, 128)
patch_loader: stream
num_patches: 101739
num_train_patches: 91545
num_val_patches: 10194
epoch 0001/0256 train_loss=0.385501 val_loss=0.181056 best_val=0.181056@0001 train_nmse=0.548936 val_nmse=0.310927 train_cos=0.892922 val_cos=0.930273
epoch 0002/0256 train_loss=0.147293 val_loss=0.125330 best_val=0.125330@0002 train_nmse=0.236376 val_nmse=0.191277 train_cos=0.935043 val_cos=0.938718
epoch 0003/0256 train_loss=0.118908 val_loss=0.111444 best_val=0.111444@0003 train_nmse=0.176081 val_nmse=0.165606 train_cos=0.940803 val_cos=0.943018
epoch 0004/0256 train_loss=0.108982 val_loss=0.104950 best_val=0.104950@0004 train_nmse=0.157498 val_nmse=0.150879 train_cos=0.944007 val_cos=0.945786
epoch 0005/0256 train_loss=0.104863 val_loss=0.102962 best_val=0.102962@0005 train_nmse=0.150504 val_nmse=0.151017 train_cos=0.945724 val_cos=0.946402
epoch 0006/0256 train_loss=0.102919 val_loss=0.100461 best_val=0.100461@0006 train_nmse=0.147979 val_nmse=0.144287 train_cos=0.946737 val_cos=0.947742
epoch 0007/0256 train_loss=0.100451 val_loss=0.098645 best_val=0.098645@0007 train_nmse=0.144397 val_nmse=0.142553 train_cos=0.947891 val_cos=0.948846
epoch 0008/0256 train_loss=0.098846 val_loss=0.095842 best_val=0.095842@0008 train_nmse=0.142029 val_nmse=0.137761 train_cos=0.948676 val_cos=0.950316
epoch 0009/0256 train_loss=0.097290 val_loss=0.096438 best_val=0.095842@0008 train_nmse=0.139545 val_nmse=0.139114 train_cos=0.949413 val_cos=0.949898
epoch 0010/0256 train_loss=0.096628 val_loss=0.094404 best_val=0.094404@0010 train_nmse=0.139118 val_nmse=0.137315 train_cos=0.949769 val_cos=0.950750
epoch 0011/0256 train_loss=0.095957 val_loss=0.093135 best_val=0.093135@0011 train_nmse=0.138039 val_nmse=0.135976 train_cos=0.950131 val_cos=0.951411
epoch 0012/0256 train_loss=0.095405 val_loss=0.092685 best_val=0.092685@0012 train_nmse=0.136892 val_nmse=0.134265 train_cos=0.950434 val_cos=0.951744
epoch 0013/0256 train_loss=0.094387 val_loss=0.093984 best_val=0.092685@0012 train_nmse=0.135396 val_nmse=0.136272 train_cos=0.950903 val_cos=0.950943
epoch 0014/0256 train_loss=0.094369 val_loss=0.092689 best_val=0.092685@0012 train_nmse=0.135659 val_nmse=0.133715 train_cos=0.950933 val_cos=0.951711
epoch 0015/0256 train_loss=0.093823 val_loss=0.093483 best_val=0.092685@0012 train_nmse=0.135348 val_nmse=0.136120 train_cos=0.951224 val_cos=0.951305
epoch 0016/0256 train_loss=0.093200 val_loss=0.091937 best_val=0.091937@0016 train_nmse=0.134218 val_nmse=0.133844 train_cos=0.951481 val_cos=0.952110
epoch 0017/0256 train_loss=0.093284 val_loss=0.091684 best_val=0.091684@0017 train_nmse=0.133877 val_nmse=0.132850 train_cos=0.951524 val_cos=0.952252
epoch 0018/0256 train_loss=0.092701 val_loss=0.091661 best_val=0.091661@0018 train_nmse=0.133633 val_nmse=0.133160 train_cos=0.951778 val_cos=0.952352
epoch 0019/0256 train_loss=0.092170 val_loss=0.090546 best_val=0.090546@0019 train_nmse=0.132993 val_nmse=0.131951 train_cos=0.951972 val_cos=0.952821
epoch 0020/0256 train_loss=0.092081 val_loss=0.090387 best_val=0.090387@0020 train_nmse=0.132603 val_nmse=0.131688 train_cos=0.952085 val_cos=0.952889
epoch 0021/0256 train_loss=0.091640 val_loss=0.090345 best_val=0.090345@0021 train_nmse=0.131825 val_nmse=0.131192 train_cos=0.952314 val_cos=0.953156
epoch 0022/0256 train_loss=0.091704 val_loss=0.090495 best_val=0.090345@0021 train_nmse=0.132366 val_nmse=0.132274 train_cos=0.952255 val_cos=0.952923
epoch 0023/0256 train_loss=0.091008 val_loss=0.090232 best_val=0.090232@0023 train_nmse=0.131404 val_nmse=0.132423 train_cos=0.952639 val_cos=0.953056
epoch 0024/0256 train_loss=0.091000 val_loss=0.090325 best_val=0.090232@0023 train_nmse=0.130926 val_nmse=0.132262 train_cos=0.952627 val_cos=0.952981
epoch 0025/0256 train_loss=0.090981 val_loss=0.090108 best_val=0.090108@0025 train_nmse=0.131737 val_nmse=0.131912 train_cos=0.952583 val_cos=0.953148
epoch 0026/0256 train_loss=0.090593 val_loss=0.090475 best_val=0.090108@0025 train_nmse=0.131017 val_nmse=0.132271 train_cos=0.952886 val_cos=0.953060
epoch 0027/0256 train_loss=0.090555 val_loss=0.089357 best_val=0.089357@0027 train_nmse=0.130862 val_nmse=0.131796 train_cos=0.952805 val_cos=0.953606
epoch 0028/0256 train_loss=0.090463 val_loss=0.089531 best_val=0.089357@0027 train_nmse=0.131031 val_nmse=0.130917 train_cos=0.952863 val_cos=0.953524
epoch 0029/0256 train_loss=0.090061 val_loss=0.089284 best_val=0.089284@0029 train_nmse=0.129676 val_nmse=0.130308 train_cos=0.953097 val_cos=0.953687
epoch 0030/0256 train_loss=0.089992 val_loss=0.089234 best_val=0.089234@0030 train_nmse=0.129685 val_nmse=0.129582 train_cos=0.953100 val_cos=0.953575
epoch 0031/0256 train_loss=0.089545 val_loss=0.088999 best_val=0.088999@0031 train_nmse=0.129403 val_nmse=0.128528 train_cos=0.953354 val_cos=0.953751
epoch 0032/0256 train_loss=0.089707 val_loss=0.089796 best_val=0.088999@0031 train_nmse=0.129909 val_nmse=0.130529 train_cos=0.953297 val_cos=0.953413
epoch 0033/0256 train_loss=0.089721 val_loss=0.089927 best_val=0.088999@0031 train_nmse=0.129634 val_nmse=0.132285 train_cos=0.953286 val_cos=0.953717
epoch 0034/0256 train_loss=0.089279 val_loss=0.088916 best_val=0.088916@0034 train_nmse=0.129148 val_nmse=0.130063 train_cos=0.953484 val_cos=0.954091
epoch 0035/0256 train_loss=0.089399 val_loss=0.089681 best_val=0.088916@0034 train_nmse=0.128699 val_nmse=0.131694 train_cos=0.953471 val_cos=0.953680
epoch 0036/0256 train_loss=0.089388 val_loss=0.088188 best_val=0.088188@0036 train_nmse=0.129193 val_nmse=0.128449 train_cos=0.953447 val_cos=0.954340
epoch 0037/0256 train_loss=0.089259 val_loss=0.088907 best_val=0.088188@0036 train_nmse=0.129037 val_nmse=0.129343 train_cos=0.953522 val_cos=0.954038
epoch 0038/0256 train_loss=0.089083 val_loss=0.088323 best_val=0.088188@0036 train_nmse=0.128991 val_nmse=0.129189 train_cos=0.953575 val_cos=0.954321
epoch 0039/0256 train_loss=0.088802 val_loss=0.088098 best_val=0.088098@0039 train_nmse=0.128880 val_nmse=0.129158 train_cos=0.953763 val_cos=0.954358
epoch 0040/0256 train_loss=0.088900 val_loss=0.087990 best_val=0.087990@0040 train_nmse=0.128407 val_nmse=0.127340 train_cos=0.953694 val_cos=0.954483
epoch 0041/0256 train_loss=0.088540 val_loss=0.088099 best_val=0.087990@0040 train_nmse=0.127771 val_nmse=0.128945 train_cos=0.953869 val_cos=0.954527
epoch 0042/0256 train_loss=0.088786 val_loss=0.087972 best_val=0.087972@0042 train_nmse=0.128236 val_nmse=0.128973 train_cos=0.953760 val_cos=0.954500
epoch 0043/0256 train_loss=0.088812 val_loss=0.087640 best_val=0.087640@0043 train_nmse=0.128524 val_nmse=0.128661 train_cos=0.953725 val_cos=0.954580
epoch 0044/0256 train_loss=0.088410 val_loss=0.087586 best_val=0.087586@0044 train_nmse=0.128728 val_nmse=0.127140 train_cos=0.953910 val_cos=0.954606
epoch 0045/0256 train_loss=0.088332 val_loss=0.087795 best_val=0.087586@0044 train_nmse=0.127611 val_nmse=0.128300 train_cos=0.954021 val_cos=0.954350
epoch 0046/0256 train_loss=0.088022 val_loss=0.087320 best_val=0.087320@0046 train_nmse=0.126997 val_nmse=0.127290 train_cos=0.954121 val_cos=0.954761
epoch 0047/0256 train_loss=0.088247 val_loss=0.087822 best_val=0.087320@0046 train_nmse=0.127431 val_nmse=0.127751 train_cos=0.954015 val_cos=0.954539
epoch 0048/0256 train_loss=0.088062 val_loss=0.087600 best_val=0.087320@0046 train_nmse=0.127363 val_nmse=0.127372 train_cos=0.954108 val_cos=0.954537
epoch 0049/0256 train_loss=0.087960 val_loss=0.088236 best_val=0.087320@0046 train_nmse=0.127451 val_nmse=0.129335 train_cos=0.954155 val_cos=0.954422
epoch 0050/0256 train_loss=0.087795 val_loss=0.086589 best_val=0.086589@0050 train_nmse=0.127153 val_nmse=0.125520 train_cos=0.954256 val_cos=0.955229
epoch 0051/0256 train_loss=0.088037 val_loss=0.087076 best_val=0.086589@0050 train_nmse=0.127403 val_nmse=0.127258 train_cos=0.954120 val_cos=0.954916
epoch 0052/0256 train_loss=0.087391 val_loss=0.087272 best_val=0.086589@0050 train_nmse=0.126376 val_nmse=0.127304 train_cos=0.954449 val_cos=0.954733
epoch 0053/0256 train_loss=0.087645 val_loss=0.087704 best_val=0.086589@0050 train_nmse=0.126961 val_nmse=0.127434 train_cos=0.954314 val_cos=0.954597
epoch 0054/0256 train_loss=0.087556 val_loss=0.087075 best_val=0.086589@0050 train_nmse=0.126726 val_nmse=0.125389 train_cos=0.954392 val_cos=0.954786
epoch 0055/0256 train_loss=0.087813 val_loss=0.086770 best_val=0.086589@0050 train_nmse=0.126850 val_nmse=0.126777 train_cos=0.954225 val_cos=0.954996
epoch 0056/0256 train_loss=0.087586 val_loss=0.086913 best_val=0.086589@0050 train_nmse=0.126901 val_nmse=0.127031 train_cos=0.954333 val_cos=0.954928
epoch 0057/0256 train_loss=0.087390 val_loss=0.087314 best_val=0.086589@0050 train_nmse=0.126739 val_nmse=0.127091 train_cos=0.954435 val_cos=0.954725
epoch 0058/0256 train_loss=0.087223 val_loss=0.086575 best_val=0.086575@0058 train_nmse=0.126301 val_nmse=0.126137 train_cos=0.954564 val_cos=0.955001
epoch 0059/0256 train_loss=0.087339 val_loss=0.086632 best_val=0.086575@0058 train_nmse=0.126354 val_nmse=0.127088 train_cos=0.954474 val_cos=0.954986
epoch 0060/0256 train_loss=0.087363 val_loss=0.087287 best_val=0.086575@0058 train_nmse=0.125899 val_nmse=0.128090 train_cos=0.954473 val_cos=0.954573
epoch 0061/0256 train_loss=0.087245 val_loss=0.087038 best_val=0.086575@0058 train_nmse=0.126068 val_nmse=0.126326 train_cos=0.954564 val_cos=0.954689
epoch 0062/0256 train_loss=0.087327 val_loss=0.087058 best_val=0.086575@0058 train_nmse=0.126277 val_nmse=0.127119 train_cos=0.954425 val_cos=0.954794
epoch 0063/0256 train_loss=0.087016 val_loss=0.086637 best_val=0.086575@0058 train_nmse=0.125817 val_nmse=0.125650 train_cos=0.954645 val_cos=0.955026
epoch 0064/0256 train_loss=0.087121 val_loss=0.086999 best_val=0.086575@0058 train_nmse=0.126036 val_nmse=0.127240 train_cos=0.954605 val_cos=0.954754
epoch 0065/0256 train_loss=0.087126 val_loss=0.086195 best_val=0.086195@0065 train_nmse=0.125987 val_nmse=0.125359 train_cos=0.954620 val_cos=0.955108
epoch 0066/0256 train_loss=0.086679 val_loss=0.085997 best_val=0.085997@0066 train_nmse=0.125555 val_nmse=0.125739 train_cos=0.954770 val_cos=0.955373
epoch 0067/0256 train_loss=0.086847 val_loss=0.086417 best_val=0.085997@0066 train_nmse=0.125774 val_nmse=0.127082 train_cos=0.954706 val_cos=0.955167
epoch 0068/0256 train_loss=0.086943 val_loss=0.086632 best_val=0.085997@0066 train_nmse=0.125619 val_nmse=0.126195 train_cos=0.954679 val_cos=0.955045
epoch 0069/0256 train_loss=0.087094 val_loss=0.085906 best_val=0.085906@0069 train_nmse=0.126222 val_nmse=0.126232 train_cos=0.954581 val_cos=0.955412
epoch 0070/0256 train_loss=0.086712 val_loss=0.086231 best_val=0.085906@0069 train_nmse=0.124988 val_nmse=0.125784 train_cos=0.954817 val_cos=0.955109
epoch 0071/0256 train_loss=0.086567 val_loss=0.085457 best_val=0.085457@0071 train_nmse=0.125425 val_nmse=0.124401 train_cos=0.954878 val_cos=0.955571
epoch 0072/0256 train_loss=0.086430 val_loss=0.085769 best_val=0.085457@0071 train_nmse=0.124785 val_nmse=0.124782 train_cos=0.954975 val_cos=0.955371
epoch 0073/0256 train_loss=0.086439 val_loss=0.086269 best_val=0.085457@0071 train_nmse=0.125150 val_nmse=0.125797 train_cos=0.954926 val_cos=0.955116
epoch 0074/0256 train_loss=0.086466 val_loss=0.086309 best_val=0.085457@0071 train_nmse=0.125193 val_nmse=0.126034 train_cos=0.954910 val_cos=0.955135
epoch 0075/0256 train_loss=0.086725 val_loss=0.085931 best_val=0.085457@0071 train_nmse=0.125049 val_nmse=0.124206 train_cos=0.954769 val_cos=0.955442
epoch 0076/0256 train_loss=0.086762 val_loss=0.085825 best_val=0.085457@0071 train_nmse=0.125671 val_nmse=0.123335 train_cos=0.954756 val_cos=0.955425
epoch 0077/0256 train_loss=0.086166 val_loss=0.086063 best_val=0.085457@0071 train_nmse=0.124579 val_nmse=0.124674 train_cos=0.955073 val_cos=0.955271
epoch 0078/0256 train_loss=0.086346 val_loss=0.085961 best_val=0.085457@0071 train_nmse=0.125165 val_nmse=0.124961 train_cos=0.954999 val_cos=0.955242
epoch 0079/0256 train_loss=0.086213 val_loss=0.085634 best_val=0.085457@0071 train_nmse=0.124450 val_nmse=0.124449 train_cos=0.955037 val_cos=0.955479
epoch 0080/0256 train_loss=0.086611 val_loss=0.085592 best_val=0.085457@0071 train_nmse=0.125674 val_nmse=0.123638 train_cos=0.954846 val_cos=0.955502
epoch 0081/0256 train_loss=0.086395 val_loss=0.086281 best_val=0.085457@0071 train_nmse=0.124945 val_nmse=0.125951 train_cos=0.954939 val_cos=0.955091
epoch 0082/0256 train_loss=0.086336 val_loss=0.085865 best_val=0.085457@0071 train_nmse=0.124962 val_nmse=0.124687 train_cos=0.954963 val_cos=0.955404
epoch 0083/0256 train_loss=0.086566 val_loss=0.085860 best_val=0.085457@0071 train_nmse=0.125767 val_nmse=0.126415 train_cos=0.954869 val_cos=0.955259
epoch 0084/0256 train_loss=0.086247 val_loss=0.085165 best_val=0.085165@0084 train_nmse=0.125037 val_nmse=0.123986 train_cos=0.954999 val_cos=0.955683
epoch 0085/0256 train_loss=0.086343 val_loss=0.085451 best_val=0.085165@0084 train_nmse=0.124982 val_nmse=0.124776 train_cos=0.954986 val_cos=0.955520
epoch 0086/0256 train_loss=0.086323 val_loss=0.085682 best_val=0.085165@0084 train_nmse=0.124787 val_nmse=0.125490 train_cos=0.954977 val_cos=0.955411
epoch 0087/0256 train_loss=0.086150 val_loss=0.085738 best_val=0.085165@0084 train_nmse=0.125242 val_nmse=0.124166 train_cos=0.955047 val_cos=0.955464
epoch 0088/0256 train_loss=0.085935 val_loss=0.086022 best_val=0.085165@0084 train_nmse=0.124561 val_nmse=0.124961 train_cos=0.955213 val_cos=0.955198
epoch 0089/0256 train_loss=0.086173 val_loss=0.086075 best_val=0.085165@0084 train_nmse=0.124819 val_nmse=0.125586 train_cos=0.955075 val_cos=0.955249
epoch 0090/0256 train_loss=0.085945 val_loss=0.085743 best_val=0.085165@0084 train_nmse=0.124554 val_nmse=0.126739 train_cos=0.955186 val_cos=0.955317
epoch 0091/0256 train_loss=0.086005 val_loss=0.085652 best_val=0.085165@0084 train_nmse=0.124516 val_nmse=0.124054 train_cos=0.955139 val_cos=0.955435
epoch 0092/0256 train_loss=0.086094 val_loss=0.085260 best_val=0.085165@0084 train_nmse=0.124386 val_nmse=0.124304 train_cos=0.955113 val_cos=0.955582
epoch 0093/0256 train_loss=0.085936 val_loss=0.085840 best_val=0.085165@0084 train_nmse=0.124536 val_nmse=0.124411 train_cos=0.955176 val_cos=0.955315
epoch 0094/0256 train_loss=0.086111 val_loss=0.085493 best_val=0.085165@0084 train_nmse=0.124414 val_nmse=0.122702 train_cos=0.955098 val_cos=0.955602
epoch 0095/0256 train_loss=0.086045 val_loss=0.085729 best_val=0.085165@0084 train_nmse=0.124962 val_nmse=0.124435 train_cos=0.955097 val_cos=0.955445
epoch 0096/0256 train_loss=0.085754 val_loss=0.085339 best_val=0.085165@0084 train_nmse=0.124345 val_nmse=0.123967 train_cos=0.955282 val_cos=0.955685
epoch 0097/0256 train_loss=0.085855 val_loss=0.085768 best_val=0.085165@0084 train_nmse=0.124468 val_nmse=0.125874 train_cos=0.955216 val_cos=0.955397
epoch 0098/0256 train_loss=0.086285 val_loss=0.086020 best_val=0.085165@0084 train_nmse=0.124735 val_nmse=0.125741 train_cos=0.955033 val_cos=0.955197
epoch 0099/0256 train_loss=0.085649 val_loss=0.084887 best_val=0.084887@0099 train_nmse=0.124189 val_nmse=0.123449 train_cos=0.955337 val_cos=0.955824
epoch 0100/0256 train_loss=0.085709 val_loss=0.085592 best_val=0.084887@0099 train_nmse=0.124514 val_nmse=0.125337 train_cos=0.955317 val_cos=0.955392
epoch 0101/0256 train_loss=0.085700 val_loss=0.084791 best_val=0.084791@0101 train_nmse=0.124154 val_nmse=0.122684 train_cos=0.955303 val_cos=0.955860
epoch 0102/0256 train_loss=0.085571 val_loss=0.086101 best_val=0.084791@0101 train_nmse=0.123924 val_nmse=0.127374 train_cos=0.955354 val_cos=0.955265
epoch 0103/0256 train_loss=0.085591 val_loss=0.085849 best_val=0.084791@0101 train_nmse=0.124184 val_nmse=0.126235 train_cos=0.955382 val_cos=0.955274
epoch 0104/0256 train_loss=0.085829 val_loss=0.085181 best_val=0.084791@0101 train_nmse=0.124475 val_nmse=0.124658 train_cos=0.955279 val_cos=0.955616
epoch 0105/0256 train_loss=0.085425 val_loss=0.085106 best_val=0.084791@0101 train_nmse=0.124047 val_nmse=0.123481 train_cos=0.955409 val_cos=0.955733
epoch 0106/0256 train_loss=0.085491 val_loss=0.085049 best_val=0.084791@0101 train_nmse=0.124278 val_nmse=0.124024 train_cos=0.955406 val_cos=0.955754
epoch 0107/0256 train_loss=0.085629 val_loss=0.085335 best_val=0.084791@0101 train_nmse=0.124132 val_nmse=0.123165 train_cos=0.955353 val_cos=0.955561
epoch 0108/0256 train_loss=0.085607 val_loss=0.085196 best_val=0.084791@0101 train_nmse=0.123821 val_nmse=0.123564 train_cos=0.955353 val_cos=0.955634
epoch 0109/0256 train_loss=0.085576 val_loss=0.085508 best_val=0.084791@0101 train_nmse=0.123942 val_nmse=0.124322 train_cos=0.955358 val_cos=0.955474
epoch 0110/0256 train_loss=0.085647 val_loss=0.085390 best_val=0.084791@0101 train_nmse=0.123936 val_nmse=0.123759 train_cos=0.955324 val_cos=0.955578
epoch 0111/0256 train_loss=0.085577 val_loss=0.085432 best_val=0.084791@0101 train_nmse=0.123947 val_nmse=0.124665 train_cos=0.955367 val_cos=0.955554
epoch 0112/0256 train_loss=0.085481 val_loss=0.084878 best_val=0.084791@0101 train_nmse=0.124154 val_nmse=0.123219 train_cos=0.955409 val_cos=0.955840
epoch 0113/0256 train_loss=0.085749 val_loss=0.085166 best_val=0.084791@0101 train_nmse=0.123814 val_nmse=0.123302 train_cos=0.955273 val_cos=0.955646
epoch 0114/0256 train_loss=0.085381 val_loss=0.084224 best_val=0.084224@0114 train_nmse=0.123335 val_nmse=0.123603 train_cos=0.955448 val_cos=0.956228
epoch 0115/0256 train_loss=0.085301 val_loss=0.084975 best_val=0.084224@0114 train_nmse=0.123268 val_nmse=0.123321 train_cos=0.955534 val_cos=0.955762
epoch 0116/0256 train_loss=0.085589 val_loss=0.083994 best_val=0.083994@0116 train_nmse=0.124147 val_nmse=0.124105 train_cos=0.955344 val_cos=0.956281
epoch 0117/0256 train_loss=0.085521 val_loss=0.084397 best_val=0.083994@0116 train_nmse=0.123989 val_nmse=0.123757 train_cos=0.955401 val_cos=0.956091
epoch 0118/0256 train_loss=0.085294 val_loss=0.084791 best_val=0.083994@0116 train_nmse=0.123515 val_nmse=0.123649 train_cos=0.955510 val_cos=0.955866
epoch 0119/0256 train_loss=0.085417 val_loss=0.084977 best_val=0.083994@0116 train_nmse=0.123793 val_nmse=0.124844 train_cos=0.955428 val_cos=0.955823
epoch 0120/0256 train_loss=0.085532 val_loss=0.085134 best_val=0.083994@0116 train_nmse=0.123832 val_nmse=0.124167 train_cos=0.955373 val_cos=0.955782
epoch 0121/0256 train_loss=0.085460 val_loss=0.084240 best_val=0.083994@0116 train_nmse=0.123822 val_nmse=0.122775 train_cos=0.955437 val_cos=0.956146
epoch 0122/0256 train_loss=0.085278 val_loss=0.084700 best_val=0.083994@0116 train_nmse=0.123623 val_nmse=0.122723 train_cos=0.955508 val_cos=0.955902
epoch 0123/0256 train_loss=0.085496 val_loss=0.084493 best_val=0.083994@0116 train_nmse=0.124296 val_nmse=0.121460 train_cos=0.955424 val_cos=0.956019
epoch 0124/0256 train_loss=0.085261 val_loss=0.084927 best_val=0.083994@0116 train_nmse=0.123072 val_nmse=0.122991 train_cos=0.955511 val_cos=0.955825
epoch 0125/0256 train_loss=0.085556 val_loss=0.084930 best_val=0.083994@0116 train_nmse=0.123366 val_nmse=0.122270 train_cos=0.955403 val_cos=0.955785
epoch 0126/0256 train_loss=0.085217 val_loss=0.084750 best_val=0.083994@0116 train_nmse=0.123509 val_nmse=0.123923 train_cos=0.955535 val_cos=0.955883
epoch 0127/0256 train_loss=0.085386 val_loss=0.085747 best_val=0.083994@0116 train_nmse=0.123706 val_nmse=0.125272 train_cos=0.955462 val_cos=0.955382
epoch 0128/0256 train_loss=0.085436 val_loss=0.085517 best_val=0.083994@0116 train_nmse=0.123466 val_nmse=0.125124 train_cos=0.955434 val_cos=0.955440
epoch 0129/0256 train_loss=0.085184 val_loss=0.085017 best_val=0.083994@0116 train_nmse=0.123689 val_nmse=0.123122 train_cos=0.955543 val_cos=0.955809
epoch 0130/0256 train_loss=0.084923 val_loss=0.084892 best_val=0.083994@0116 train_nmse=0.122643 val_nmse=0.124057 train_cos=0.955712 val_cos=0.955850
epoch 0131/0256 train_loss=0.085040 val_loss=0.085109 best_val=0.083994@0116 train_nmse=0.123751 val_nmse=0.123068 train_cos=0.955642 val_cos=0.955759
epoch 0132/0256 train_loss=0.085274 val_loss=0.084365 best_val=0.083994@0116 train_nmse=0.123727 val_nmse=0.123677 train_cos=0.955540 val_cos=0.956051
epoch 0133/0256 train_loss=0.085003 val_loss=0.083440 best_val=0.083440@0133 train_nmse=0.123114 val_nmse=0.123250 train_cos=0.955678 val_cos=0.956564
epoch 0134/0256 train_loss=0.085267 val_loss=0.084759 best_val=0.083440@0133 train_nmse=0.123762 val_nmse=0.123352 train_cos=0.955495 val_cos=0.955874
epoch 0135/0256 train_loss=0.084887 val_loss=0.083957 best_val=0.083440@0133 train_nmse=0.123123 val_nmse=0.122047 train_cos=0.955708 val_cos=0.956389
epoch 0136/0256 train_loss=0.085167 val_loss=0.084738 best_val=0.083440@0133 train_nmse=0.123186 val_nmse=0.123463 train_cos=0.955601 val_cos=0.955845
epoch 0137/0256 train_loss=0.084768 val_loss=0.084468 best_val=0.083440@0133 train_nmse=0.123345 val_nmse=0.122639 train_cos=0.955795 val_cos=0.956029
epoch 0138/0256 train_loss=0.084956 val_loss=0.084749 best_val=0.083440@0133 train_nmse=0.123678 val_nmse=0.123519 train_cos=0.955676 val_cos=0.955895
epoch 0139/0256 train_loss=0.085185 val_loss=0.085151 best_val=0.083440@0133 train_nmse=0.123881 val_nmse=0.124144 train_cos=0.955549 val_cos=0.955661
epoch 0140/0256 train_loss=0.085018 val_loss=0.084762 best_val=0.083440@0133 train_nmse=0.123184 val_nmse=0.122583 train_cos=0.955671 val_cos=0.955878
epoch 0141/0256 train_loss=0.084689 val_loss=0.084302 best_val=0.083440@0133 train_nmse=0.122383 val_nmse=0.122908 train_cos=0.955816 val_cos=0.956170
epoch 0142/0256 train_loss=0.085045 val_loss=0.084436 best_val=0.083440@0133 train_nmse=0.123305 val_nmse=0.123527 train_cos=0.955647 val_cos=0.956036
epoch 0143/0256 train_loss=0.084976 val_loss=0.084473 best_val=0.083440@0133 train_nmse=0.123217 val_nmse=0.123691 train_cos=0.955669 val_cos=0.956013
epoch 0144/0256 train_loss=0.084903 val_loss=0.084470 best_val=0.083440@0133 train_nmse=0.123119 val_nmse=0.123171 train_cos=0.955701 val_cos=0.956059
epoch 0145/0256 train_loss=0.084829 val_loss=0.084343 best_val=0.083440@0133 train_nmse=0.123156 val_nmse=0.123290 train_cos=0.955754 val_cos=0.956080
epoch 0146/0256 train_loss=0.084986 val_loss=0.084713 best_val=0.083440@0133 train_nmse=0.123208 val_nmse=0.124233 train_cos=0.955662 val_cos=0.955875
epoch 0147/0256 train_loss=0.084734 val_loss=0.084370 best_val=0.083440@0133 train_nmse=0.122907 val_nmse=0.123432 train_cos=0.955791 val_cos=0.956154
epoch 0148/0256 train_loss=0.085062 val_loss=0.084445 best_val=0.083440@0133 train_nmse=0.123378 val_nmse=0.123141 train_cos=0.955634 val_cos=0.956026
epoch 0149/0256 train_loss=0.084785 val_loss=0.084300 best_val=0.083440@0133 train_nmse=0.122795 val_nmse=0.122948 train_cos=0.955773 val_cos=0.956119
epoch 0150/0256 train_loss=0.084530 val_loss=0.083917 best_val=0.083440@0133 train_nmse=0.122548 val_nmse=0.121855 train_cos=0.955904 val_cos=0.956328
epoch 0151/0256 train_loss=0.084785 val_loss=0.083930 best_val=0.083440@0133 train_nmse=0.122923 val_nmse=0.121882 train_cos=0.955782 val_cos=0.956317
epoch 0152/0256 train_loss=0.084622 val_loss=0.084547 best_val=0.083440@0133 train_nmse=0.122809 val_nmse=0.122992 train_cos=0.955858 val_cos=0.956007
epoch 0153/0256 train_loss=0.084629 val_loss=0.083206 best_val=0.083206@0153 train_nmse=0.122821 val_nmse=0.121409 train_cos=0.955840 val_cos=0.956792
epoch 0154/0256 train_loss=0.085053 val_loss=0.085400 best_val=0.083206@0153 train_nmse=0.123250 val_nmse=0.124064 train_cos=0.955651 val_cos=0.955520
epoch 0155/0256 train_loss=0.084870 val_loss=0.084190 best_val=0.083206@0153 train_nmse=0.122796 val_nmse=0.123602 train_cos=0.955714 val_cos=0.956185
epoch 0156/0256 train_loss=0.084872 val_loss=0.084482 best_val=0.083206@0153 train_nmse=0.123128 val_nmse=0.123295 train_cos=0.955739 val_cos=0.956013
epoch 0157/0256 train_loss=0.084883 val_loss=0.084118 best_val=0.083206@0153 train_nmse=0.123024 val_nmse=0.123682 train_cos=0.955704 val_cos=0.956201
epoch 0158/0256 train_loss=0.084616 val_loss=0.084417 best_val=0.083206@0153 train_nmse=0.122770 val_nmse=0.122679 train_cos=0.955865 val_cos=0.956060
epoch 0159/0256 train_loss=0.084833 val_loss=0.084770 best_val=0.083206@0153 train_nmse=0.122543 val_nmse=0.122384 train_cos=0.955741 val_cos=0.955887
epoch 0160/0256 train_loss=0.084695 val_loss=0.083958 best_val=0.083206@0153 train_nmse=0.122371 val_nmse=0.123347 train_cos=0.955815 val_cos=0.956349
epoch 0161/0256 train_loss=0.084661 val_loss=0.083963 best_val=0.083206@0153 train_nmse=0.122558 val_nmse=0.122207 train_cos=0.955838 val_cos=0.956318
epoch 0162/0256 train_loss=0.084669 val_loss=0.083347 best_val=0.083206@0153 train_nmse=0.122519 val_nmse=0.121204 train_cos=0.955857 val_cos=0.956635
epoch 0163/0256 train_loss=0.084543 val_loss=0.084383 best_val=0.083206@0153 train_nmse=0.122412 val_nmse=0.124360 train_cos=0.955882 val_cos=0.956052
epoch 0164/0256 train_loss=0.084629 val_loss=0.084437 best_val=0.083206@0153 train_nmse=0.122957 val_nmse=0.122671 train_cos=0.955862 val_cos=0.956052
epoch 0165/0256 train_loss=0.084631 val_loss=0.084211 best_val=0.083206@0153 train_nmse=0.122670 val_nmse=0.122640 train_cos=0.955830 val_cos=0.956217
epoch 0166/0256 train_loss=0.084619 val_loss=0.083371 best_val=0.083206@0153 train_nmse=0.122807 val_nmse=0.122048 train_cos=0.955868 val_cos=0.956627
epoch 0167/0256 train_loss=0.084692 val_loss=0.084841 best_val=0.083206@0153 train_nmse=0.122955 val_nmse=0.124936 train_cos=0.955798 val_cos=0.955810
epoch 0168/0256 train_loss=0.084524 val_loss=0.083645 best_val=0.083206@0153 train_nmse=0.122543 val_nmse=0.121158 train_cos=0.955906 val_cos=0.956514
epoch 0169/0256 train_loss=0.084538 val_loss=0.084516 best_val=0.083206@0153 train_nmse=0.122587 val_nmse=0.123450 train_cos=0.955899 val_cos=0.956008
epoch 0170/0256 train_loss=0.084303 val_loss=0.084850 best_val=0.083206@0153 train_nmse=0.122514 val_nmse=0.122764 train_cos=0.956029 val_cos=0.955828
epoch 0171/0256 train_loss=0.084578 val_loss=0.083807 best_val=0.083206@0153 train_nmse=0.122943 val_nmse=0.122697 train_cos=0.955856 val_cos=0.956456
epoch 0172/0256 train_loss=0.084396 val_loss=0.083991 best_val=0.083206@0153 train_nmse=0.121959 val_nmse=0.122468 train_cos=0.956005 val_cos=0.956270
epoch 0173/0256 train_loss=0.084548 val_loss=0.085155 best_val=0.083206@0153 train_nmse=0.122675 val_nmse=0.123287 train_cos=0.955892 val_cos=0.955643
epoch 0174/0256 train_loss=0.084334 val_loss=0.083219 best_val=0.083206@0153 train_nmse=0.122248 val_nmse=0.120539 train_cos=0.956005 val_cos=0.956715
epoch 0175/0256 train_loss=0.084522 val_loss=0.083858 best_val=0.083206@0153 train_nmse=0.122379 val_nmse=0.120869 train_cos=0.955907 val_cos=0.956381
epoch 0176/0256 train_loss=0.084590 val_loss=0.083939 best_val=0.083206@0153 train_nmse=0.122378 val_nmse=0.121940 train_cos=0.955863 val_cos=0.956311
epoch 0177/0256 train_loss=0.084340 val_loss=0.083092 best_val=0.083092@0177 train_nmse=0.122290 val_nmse=0.121742 train_cos=0.956011 val_cos=0.956762
epoch 0178/0256 train_loss=0.084573 val_loss=0.084523 best_val=0.083092@0177 train_nmse=0.122699 val_nmse=0.122793 train_cos=0.955885 val_cos=0.955984
epoch 0179/0256 train_loss=0.084368 val_loss=0.084501 best_val=0.083092@0177 train_nmse=0.122517 val_nmse=0.123500 train_cos=0.955981 val_cos=0.956023
epoch 0180/0256 train_loss=0.084348 val_loss=0.083633 best_val=0.083092@0177 train_nmse=0.122505 val_nmse=0.121474 train_cos=0.956004 val_cos=0.956471
epoch 0181/0256 train_loss=0.084483 val_loss=0.084568 best_val=0.083092@0177 train_nmse=0.122357 val_nmse=0.123170 train_cos=0.955916 val_cos=0.955993
epoch 0182/0256 train_loss=0.084364 val_loss=0.084754 best_val=0.083092@0177 train_nmse=0.122560 val_nmse=0.122776 train_cos=0.955993 val_cos=0.955872
epoch 0183/0256 train_loss=0.084499 val_loss=0.084674 best_val=0.083092@0177 train_nmse=0.122055 val_nmse=0.123459 train_cos=0.955936 val_cos=0.955901
epoch 0184/0256 train_loss=0.084443 val_loss=0.084429 best_val=0.083092@0177 train_nmse=0.122215 val_nmse=0.123364 train_cos=0.955942 val_cos=0.956031
epoch 0185/0256 train_loss=0.084124 val_loss=0.084111 best_val=0.083092@0177 train_nmse=0.121778 val_nmse=0.122230 train_cos=0.956122 val_cos=0.956226
epoch 0186/0256 train_loss=0.084518 val_loss=0.083490 best_val=0.083092@0177 train_nmse=0.122422 val_nmse=0.121912 train_cos=0.955914 val_cos=0.956554
epoch 0187/0256 train_loss=0.084218 val_loss=0.084018 best_val=0.083092@0177 train_nmse=0.122268 val_nmse=0.121144 train_cos=0.956054 val_cos=0.956278
epoch 0188/0256 train_loss=0.084361 val_loss=0.084010 best_val=0.083092@0177 train_nmse=0.122661 val_nmse=0.122718 train_cos=0.955998 val_cos=0.956275
epoch 0189/0256 train_loss=0.084418 val_loss=0.083676 best_val=0.083092@0177 train_nmse=0.122257 val_nmse=0.122434 train_cos=0.955966 val_cos=0.956462
epoch 0190/0256 train_loss=0.084262 val_loss=0.084209 best_val=0.083092@0177 train_nmse=0.122349 val_nmse=0.122880 train_cos=0.956046 val_cos=0.956146
epoch 0191/0256 train_loss=0.084459 val_loss=0.084038 best_val=0.083092@0177 train_nmse=0.122817 val_nmse=0.121500 train_cos=0.955935 val_cos=0.956272
epoch 0192/0256 train_loss=0.084376 val_loss=0.084405 best_val=0.083092@0177 train_nmse=0.122622 val_nmse=0.122115 train_cos=0.955977 val_cos=0.956081
epoch 0193/0256 train_loss=0.084125 val_loss=0.084354 best_val=0.083092@0177 train_nmse=0.121687 val_nmse=0.122168 train_cos=0.956129 val_cos=0.956096
epoch 0194/0256 train_loss=0.084276 val_loss=0.083864 best_val=0.083092@0177 train_nmse=0.121733 val_nmse=0.123255 train_cos=0.956053 val_cos=0.956367
epoch 0195/0256 train_loss=0.084432 val_loss=0.084049 best_val=0.083092@0177 train_nmse=0.122514 val_nmse=0.123338 train_cos=0.955938 val_cos=0.956237
epoch 0196/0256 train_loss=0.084352 val_loss=0.083206 best_val=0.083092@0177 train_nmse=0.122375 val_nmse=0.121501 train_cos=0.956006 val_cos=0.956699
epoch 0197/0256 train_loss=0.084324 val_loss=0.084503 best_val=0.083092@0177 train_nmse=0.122587 val_nmse=0.123302 train_cos=0.955999 val_cos=0.956007
epoch 0198/0256 train_loss=0.084501 val_loss=0.083916 best_val=0.083092@0177 train_nmse=0.122252 val_nmse=0.121565 train_cos=0.955915 val_cos=0.956326
epoch 0199/0256 train_loss=0.084391 val_loss=0.083555 best_val=0.083092@0177 train_nmse=0.122157 val_nmse=0.121691 train_cos=0.955981 val_cos=0.956528
epoch 0200/0256 train_loss=0.084253 val_loss=0.083694 best_val=0.083092@0177 train_nmse=0.121903 val_nmse=0.122861 train_cos=0.956046 val_cos=0.956446
epoch 0201/0256 train_loss=0.084470 val_loss=0.083096 best_val=0.083092@0177 train_nmse=0.122522 val_nmse=0.120542 train_cos=0.955932 val_cos=0.956784
epoch 0202/0256 train_loss=0.084514 val_loss=0.083346 best_val=0.083092@0177 train_nmse=0.122827 val_nmse=0.122124 train_cos=0.955922 val_cos=0.956636
epoch 0203/0256 train_loss=0.084329 val_loss=0.082963 best_val=0.082963@0203 train_nmse=0.122336 val_nmse=0.120890 train_cos=0.955998 val_cos=0.956839
epoch 0204/0256 train_loss=0.084102 val_loss=0.083850 best_val=0.082963@0203 train_nmse=0.121878 val_nmse=0.121096 train_cos=0.956125 val_cos=0.956361
epoch 0205/0256 train_loss=0.084116 val_loss=0.083586 best_val=0.082963@0203 train_nmse=0.121896 val_nmse=0.122339 train_cos=0.956131 val_cos=0.956493
epoch 0206/0256 train_loss=0.084284 val_loss=0.083116 best_val=0.082963@0203 train_nmse=0.122054 val_nmse=0.120663 train_cos=0.956020 val_cos=0.956752
epoch 0207/0256 train_loss=0.083964 val_loss=0.084320 best_val=0.082963@0203 train_nmse=0.121446 val_nmse=0.122621 train_cos=0.956194 val_cos=0.956105
epoch 0208/0256 train_loss=0.084496 val_loss=0.083801 best_val=0.082963@0203 train_nmse=0.122805 val_nmse=0.122150 train_cos=0.955914 val_cos=0.956375
epoch 0209/0256 train_loss=0.083968 val_loss=0.082995 best_val=0.082963@0203 train_nmse=0.121577 val_nmse=0.120403 train_cos=0.956188 val_cos=0.956831
epoch 0210/0256 train_loss=0.084041 val_loss=0.083408 best_val=0.082963@0203 train_nmse=0.122323 val_nmse=0.122786 train_cos=0.956160 val_cos=0.956590
epoch 0211/0256 train_loss=0.084111 val_loss=0.083670 best_val=0.082963@0203 train_nmse=0.122241 val_nmse=0.122612 train_cos=0.956130 val_cos=0.956446
